Microchip MPLAB XC8 Compiler V2.30

Linker command line:

-W-3 --edf=/opt/microchip/xc8/v2.30/pic/dat/en_msgs.txt -cn \
  -h+dist/Simulate/debug/the3.debug.sym \
  --cmf=dist/Simulate/debug/the3.debug.cmf -z -Q18F8722 -o/tmp/xcXDDahhG \
  --defsym=__MPLAB_BUILD=1 -Mdist/Simulate/debug/the3.debug.map -E1 \
  -ver=XC8 Compiler --acfsm=1493 -ASTACK=02FFh-0F5Fh -pstack=STACK \
  -ACODE=00h-01FFFFh -ACONST=00h-01FFFFh -ASMALLCONST=01000h-010FFhx496 \
  -AMEDIUMCONST=01000h-0FFFFh,011000h-01FFFFh -ACOMRAM=01h-05Fh \
  -AABS1=00h-0F5Fh -ABIGRAM=01h-0F5Fh \
  -ARAM=060h-0FFh,0100h-01FFhx14,0F00h-0F5Fh -ABANK0=060h-0FFh \
  -ABANK1=0100h-01FFh -ABANK2=0200h-02FFh -ABANK3=0300h-03FFh \
  -ABANK4=0400h-04FFh -ABANK5=0500h-05FFh -ABANK6=0600h-06FFh \
  -ABANK7=0700h-07FFh -ABANK8=0800h-08FFh -ABANK9=0900h-09FFh \
  -ABANK10=0A00h-0AFFh -ABANK11=0B00h-0BFFh -ABANK12=0C00h-0CFFh \
  -ABANK13=0D00h-0DFFh -ABANK14=0E00h-0EFFh -ABANK15=0F00h-0F5Fh \
  -ASFR=0F60h-0FFFh -ACONFIG=0300000h-030000Dh -AIDLOC=0200000h-0200007h \
  -AEEDATA=0F00000h-0F003FFh -peeprom_data=EEDATA \
  -preset_vec=00h,intcode=08h,intcodelo=018h,powerup,init -pramtop=01000h \
  -psmallconst=SMALLCONST -pmediumconst=MEDIUMCONST -pconst=CONST \
  -AFARRAM=00h-00h \
  -prdata=COMRAM,nvrram=COMRAM,nvbit=COMRAM,rbss=COMRAM,rbit=COMRAM \
  -pfarbss=FARRAM,fardata=FARRAM,nvFARRAM=FARRAM \
  -pintsave_regs=BIGRAM,bigbss=BIGRAM,bigdata=BIGRAM -pbss=RAM \
  -pidata=CODE,irdata=CODE,ibigdata=CODE,ifardata=CODE -prparam=COMRAM \
  /tmp/xcXOkjjol.o dist/Simulate/debug/the3.debug.o 

Object code version is 3.11

Machine type is 18F8722



                Name                               Link     Load   Length Selector   Space Scale
/tmp/xcXOkjjol.o
                config                           300000   300000        E        0       4
                init                                 26       26        4        C       0
                reset_vec                             0        0        4        0       0
dist/Simulate/debug/the3.debug.o
                intcodelo                            18       18        E        C       0
                intcode                               8        8        6        4       0
                config                           300000   300000        E        0       4
                temp                                 3F       3F        1        1       1
                text39                              780      780       96        C       0
                text38                              D08      D08       14        C       0
                text37                              A5E      A5E       62        C       0
                text36                              D7A      D7A        4        C       0
                text35                              D76      D76        4        C       0
                text34                              D72      D72        4        C       0
                text33                              C70      C70       20        C       0
                text32                              436      436       EA        C       0
                text31                              5F6      5F6       D6        C       0
                text30                              894      894       7E        C       0
                text29                              BCE      BCE       32        C       0
                text28                              6CC      6CC       B4        C       0
                text27                              B98      B98       36        C       0
                intcode_body                        AC0      AC0       5C        C       0
                text24                              C2C      C2C       24        C       0
                text23                              CDE      CDE       16        C       0
                text22                              D6E      D6E        4        C       0
                text21                              D38      D38        C        C       0
                text20                              B5A      B5A       3E        C       0
                text19                              CF4      CF4       14        C       0
                text18                              D2A      D2A        E        C       0
                text17                              B1C      B1C       3E        C       0
                text16                              912      912       74        C       0
                text15                              CC4      CC4       1A        C       0
                text14                              D5C      D5C        6        C       0
                text13                              D1C      D1C        E        C       0
                text12                              D56      D56        6        C       0
                text11                              D6A      D6A        4        C       0
                text10                              D66      D66        4        C       0
                text9                               C50      C50       20        C       0
                text8                               520      520       D6        C       0
                text7                               CAA      CAA       1A        C       0
                text6                               986      986       6E        C       0
                text5                               C90      C90       1A        C       0
                text4                               D44      D44        A        C       0
                text3                               816      816       7E        C       0
                text2                                2A       2A      40C        C       0
                text1                               D4E      D4E        8        C       0
                text0                               C00      C00       2C        C       0
                cstackCOMRAM                          1        1       22        1       1
                bssBANK2                            200      200       FF      200       1
                bssBANK1                            100      100       FF      100       1
                bssBANK0                             60       60       80       60       1
                dataCOMRAM                           3B       3B        4        1       1
                bssCOMRAM                            23       23       18        1       1
                cinit                               9F4      9F4       6A        C       0
                idataCOMRAM                         D62      D62        4        C       0

TOTAL           Name                               Link     Load   Length     Space
        CLASS   STACK          

        CLASS   CODE           
                intcodelo                            18       18        E         0
                intcode                               8        8        6         0
                init                                 26       26        4         0
                reset_vec                             0        0        4         0
                text39                              780      780       96         0
                text38                              D08      D08       14         0
                text37                              A5E      A5E       62         0
                text36                              D7A      D7A        4         0
                text35                              D76      D76        4         0
                text34                              D72      D72        4         0
                text33                              C70      C70       20         0
                text32                              436      436       EA         0
                text31                              5F6      5F6       D6         0
                text30                              894      894       7E         0
                text29                              BCE      BCE       32         0
                text28                              6CC      6CC       B4         0
                text27                              B98      B98       36         0
                intcode_body                        AC0      AC0       5C         0
                text24                              C2C      C2C       24         0
                text23                              CDE      CDE       16         0
                text22                              D6E      D6E        4         0
                text21                              D38      D38        C         0
                text20                              B5A      B5A       3E         0
                text19                              CF4      CF4       14         0
                text18                              D2A      D2A        E         0
                text17                              B1C      B1C       3E         0
                text16                              912      912       74         0
                text15                              CC4      CC4       1A         0
                text14                              D5C      D5C        6         0
                text13                              D1C      D1C        E         0
                text12                              D56      D56        6         0
                text11                              D6A      D6A        4         0
                text10                              D66      D66        4         0
                text9                               C50      C50       20         0
                text8                               520      520       D6         0
                text7                               CAA      CAA       1A         0
                text6                               986      986       6E         0
                text5                               C90      C90       1A         0
                text4                               D44      D44        A         0
                text3                               816      816       7E         0
                text2                                2A       2A      40C         0
                text1                               D4E      D4E        8         0
                text0                               C00      C00       2C         0
                cinit                               9F4      9F4       6A         0
                idataCOMRAM                         D62      D62        4         0

        CLASS   CONST          

        CLASS   SMALLCONST     

        CLASS   MEDIUMCONST    

        CLASS   COMRAM         
                temp                                 3F       3F        1         1
                cstackCOMRAM                          1        1       22         1
                dataCOMRAM                           3B       3B        4         1
                bssCOMRAM                            23       23       18         1

        CLASS   ABS1           

        CLASS   BIGRAM         

        CLASS   RAM            

        CLASS   BANK0          
                bssBANK0                             60       60       80         1

        CLASS   BANK1          
                bssBANK1                            100      100       FF         1

        CLASS   BANK2          
                bssBANK2                            200      200       FF         1

        CLASS   BANK3          

        CLASS   BANK4          

        CLASS   BANK5          

        CLASS   BANK6          

        CLASS   BANK7          

        CLASS   BANK8          

        CLASS   BANK9          

        CLASS   BANK10         

        CLASS   BANK11         

        CLASS   BANK12         

        CLASS   BANK13         

        CLASS   BANK14         

        CLASS   BANK15         

        CLASS   SFR            

        CLASS   CONFIG         
                config                           300000   300000        E         4

        CLASS   IDLOC          

        CLASS   EEDATA         

        CLASS   FARRAM         



SEGMENTS        Name                           Load    Length   Top    Selector   Space  Class

                bssBANK2                       000200  0000FF  0002FF       200       1  BANK2   
                bssBANK1                       000100  0000FF  0001FF       100       1  BANK1   
                intcodelo                      000018  000D66  000D7E         C       0  CODE    
                intcode                        000008  000006  00000E         4       0  CODE    
                reset_vec                      000000  000004  000004         0       0  CODE    
                bssBANK0                       000060  000080  0000E0        60       1  BANK0   
                cstackCOMRAM                   000001  00003F  000040         1       1  COMRAM  


UNUSED ADDRESS RANGES

        Name                Unused          Largest block    Delta
        BANK0            0000E0-0000FF               20
        BANK1            0001FF-0001FF                1
        BANK10           000A00-000AFF              100
        BANK11           000B00-000BFF              100
        BANK12           000C00-000CFF              100
        BANK13           000D00-000DFF              100
        BANK14           000E00-000EFF              100
        BANK15           000F00-000F5F               60
        BANK2            0002FF-0002FF                1
        BANK3            000300-0003FF              100
        BANK4            000400-0004FF              100
        BANK5            000500-0005FF              100
        BANK6            000600-0006FF              100
        BANK7            000700-0007FF              100
        BANK8            000800-0008FF              100
        BANK9            000900-0009FF              100
        BIGRAM           000040-00005F               20
                         0000E0-0000FF               20
                         0001FF-0001FF                1
                         0002FF-000F5F              C61
        CODE             000004-000007                4
                         00000E-000017                A
                         000D7E-01FFFF            1F282
        COMRAM           000040-00005F               20
        CONST            000004-000007                4
                         00000E-000017                A
                         000D7E-01FFFF            1F282
        EEDATA           F00000-F003FF              400
        IDLOC            200000-200007                8
        MEDIUMCONST      001000-00FFFF             F000
                         011000-01FFFF             F000
        RAM              0000E0-0000FF               20
                         0001FF-0001FF                1
                         0002FF-000F5F              100
        SFR              000F60-000FFF               A0
        SMALLCONST       001000-01FFFF              100
        STACK            0002FF-000F5F              C61

                                  Symbol Table

?___lwdiv                      cstackCOMRAM 000013
?_adc_to_alt                   cstackCOMRAM 000001
_ADCON0                        (abs)        000FC2
_ADCON0bits                    (abs)        000FC2
_ADCON1                        (abs)        000FC1
_ADCON2                        (abs)        000FC0
_ADRESH                        (abs)        000FC4
_ADRESL                        (abs)        000FC3
_BAUDCON1bits                  (abs)        000F7E
_INTCONbits                    (abs)        000FF2
_LATA                          (abs)        000F89
_LATAbits                      (abs)        000F89
_LATB                          (abs)        000F8A
_LATBbits                      (abs)        000F8A
_LATC                          (abs)        000F8B
_LATCbits                      (abs)        000F8B
_LATD                          (abs)        000F8C
_LATDbits                      (abs)        000F8C
_LATH                          (abs)        000F90
_PIE1bits                      (abs)        000F9D
_PIR1bits                      (abs)        000F9E
_PORTA                         (abs)        000F80
_PORTB                         (abs)        000F81
_PORTC                         (abs)        000F82
_PORTD                         (abs)        000F83
_PORTH                         (abs)        000F87
_RCREG1                        (abs)        000FAE
_RCSTA1bits                    (abs)        000FAB
_RCSTAbits                     (abs)        000FAB
_SPBRG1                        (abs)        000FAF
_T0CON                         (abs)        000FD5
_T0CONbits                     (abs)        000FD5
_TMR0H                         (abs)        000FD7
_TMR0L                         (abs)        000FD6
_TRISA                         (abs)        000F92
_TRISB                         (abs)        000F93
_TRISC                         (abs)        000F94
_TRISD                         (abs)        000F95
_TRISH                         (abs)        000F99
_TXREG1                        (abs)        000FAD
_TXSTA1bits                    (abs)        000FAC
__HRAM                         (abs)        000000
__Habs1                        abs1         000000
__Hbank0                       bank0        000000
__Hbank1                       bank1        000000
__Hbank10                      bank10       000000
__Hbank11                      bank11       000000
__Hbank12                      bank12       000000
__Hbank13                      bank13       000000
__Hbank14                      bank14       000000
__Hbank15                      bank15       000000
__Hbank2                       bank2        000000
__Hbank3                       bank3        000000
__Hbank4                       bank4        000000
__Hbank5                       bank5        000000
__Hbank6                       bank6        000000
__Hbank7                       bank7        000000
__Hbank8                       bank8        000000
__Hbank9                       bank9        000000
__Hbigbss                      bigbss       000000
__Hbigdata                     bigdata      000000
__Hbigram                      bigram       000000
__Hbss                         bss          000000
__HbssBANK0                    bssBANK0     000000
__HbssBANK1                    bssBANK1     000000
__HbssBANK2                    bssBANK2     000000
__HbssCOMRAM                   bssCOMRAM    000000
__Hcinit                       cinit        000000
__Hclrtext                     clrtext      000000
__Hcomram                      comram       000000
__Hconfig                      config       30000E
__Hconst                       const        000000
__HcstackCOMRAM                cstackCOMRAM 000000
__Hdata                        data         000000
__HdataCOMRAM                  dataCOMRAM   000000
__Heeprom_data                 eeprom_data  000000
__Hfarbss                      farbss       000000
__Hfardata                     fardata      000000
__Hibigdata                    ibigdata     000000
__Hidata                       idata        000000
__HidataCOMRAM                 idataCOMRAM  000000
__Hidloc                       idloc        000000
__Hifardata                    ifardata     000000
__Hinit                        init         00002A
__Hintcode                     intcode      00000E
__Hintcode_body                intcode_body 000000
__Hintcodelo                   intcodelo    000026
__Hintentry                    intentry     000000
__Hintret                      intret       000000
__Hintsave_regs                intsave_regs 000000
__Hirdata                      irdata       000000
__Hmediumconst                 mediumconst  000000
__HnvFARRAM                    nvFARRAM     000000
__Hnvbit                       nvbit        000000
__Hnvrram                      nvrram       000000
__Hparam                       rparam       000000
__Hpowerup                     powerup      000026
__Hram                         ram          000000
__Hramtop                      ramtop       001000
__Hrbit                        rbit         000000
__Hrbss                        rbss         000000
__Hrdata                       rdata        000000
__Hreset_vec                   reset_vec    000004
__Hrparam                      rparam       000000
__Hsfr                         sfr          000000
__Hsmallconst                  smallconst   000000
__Hspace_0                     (abs)        001000
__Hspace_1                     (abs)        0002FF
__Hspace_2                     (abs)        000000
__Hspace_4                     (abs)        60000E
__Hstack                       stack        000000
__Hstruct                      struct       000000
__Htemp                        temp         000040
__Htext                        text         000000
__Htext0                       text0        000000
__Htext1                       text1        000000
__Htext10                      text10       000000
__Htext11                      text11       000000
__Htext12                      text12       000000
__Htext13                      text13       000000
__Htext14                      text14       000000
__Htext15                      text15       000000
__Htext16                      text16       000000
__Htext17                      text17       000000
__Htext18                      text18       000000
__Htext19                      text19       000000
__Htext2                       text2        000000
__Htext20                      text20       000000
__Htext21                      text21       000000
__Htext22                      text22       000000
__Htext23                      text23       000000
__Htext24                      text24       000000
__Htext27                      text27       000000
__Htext28                      text28       000000
__Htext29                      text29       000000
__Htext3                       text3        000000
__Htext30                      text30       000000
__Htext31                      text31       000000
__Htext32                      text32       000000
__Htext33                      text33       000000
__Htext34                      text34       000000
__Htext35                      text35       000000
__Htext36                      text36       000000
__Htext37                      text37       000000
__Htext38                      text38       000000
__Htext39                      text39       000000
__Htext4                       text4        000000
__Htext5                       text5        000000
__Htext6                       text6        000000
__Htext7                       text7        000000
__Htext8                       text8        000000
__Htext9                       text9        000000
__LRAM                         (abs)        000001
__Labs1                        abs1         000000
__Lbank0                       bank0        000000
__Lbank1                       bank1        000000
__Lbank10                      bank10       000000
__Lbank11                      bank11       000000
__Lbank12                      bank12       000000
__Lbank13                      bank13       000000
__Lbank14                      bank14       000000
__Lbank15                      bank15       000000
__Lbank2                       bank2        000000
__Lbank3                       bank3        000000
__Lbank4                       bank4        000000
__Lbank5                       bank5        000000
__Lbank6                       bank6        000000
__Lbank7                       bank7        000000
__Lbank8                       bank8        000000
__Lbank9                       bank9        000000
__Lbigbss                      bigbss       000000
__Lbigdata                     bigdata      000000
__Lbigram                      bigram       000000
__Lbss                         bss          000000
__LbssBANK0                    bssBANK0     000000
__LbssBANK1                    bssBANK1     000000
__LbssBANK2                    bssBANK2     000000
__LbssCOMRAM                   bssCOMRAM    000000
__Lcinit                       cinit        000000
__Lclrtext                     clrtext      000000
__Lcomram                      comram       000000
__Lconfig                      config       000000
__Lconst                       const        000000
__LcstackCOMRAM                cstackCOMRAM 000000
__Ldata                        data         000000
__LdataCOMRAM                  dataCOMRAM   000000
__Leeprom_data                 eeprom_data  000000
__Lfarbss                      farbss       000000
__Lfardata                     fardata      000000
__Libigdata                    ibigdata     000000
__Lidata                       idata        000000
__LidataCOMRAM                 idataCOMRAM  000000
__Lidloc                       idloc        000000
__Lifardata                    ifardata     000000
__Linit                        init         000026
__Lintcode                     intcode      000008
__Lintcode_body                intcode_body 000000
__Lintcodelo                   intcodelo    000018
__Lintentry                    intentry     000000
__Lintret                      intret       000000
__Lintsave_regs                intsave_regs 000000
__Lirdata                      irdata       000000
__Lmediumconst                 mediumconst  000000
__LnvFARRAM                    nvFARRAM     000000
__Lnvbit                       nvbit        000000
__Lnvrram                      nvrram       000000
__Lparam                       rparam       000000
__Lpowerup                     powerup      000026
__Lram                         ram          000000
__Lramtop                      ramtop       001000
__Lrbit                        rbit         000000
__Lrbss                        rbss         000000
__Lrdata                       rdata        000000
__Lreset_vec                   reset_vec    000000
__Lrparam                      rparam       000000
__Lsfr                         sfr          000000
__Lsmallconst                  smallconst   000000
__Lspace_0                     (abs)        000000
__Lspace_1                     (abs)        000000
__Lspace_2                     (abs)        000000
__Lspace_4                     (abs)        000000
__Lstack                       stack        000000
__Lstruct                      struct       000000
__Ltemp                        temp         00003F
__Ltext                        text         000000
__Ltext0                       text0        000000
__Ltext1                       text1        000000
__Ltext10                      text10       000000
__Ltext11                      text11       000000
__Ltext12                      text12       000000
__Ltext13                      text13       000000
__Ltext14                      text14       000000
__Ltext15                      text15       000000
__Ltext16                      text16       000000
__Ltext17                      text17       000000
__Ltext18                      text18       000000
__Ltext19                      text19       000000
__Ltext2                       text2        000000
__Ltext20                      text20       000000
__Ltext21                      text21       000000
__Ltext22                      text22       000000
__Ltext23                      text23       000000
__Ltext24                      text24       000000
__Ltext27                      text27       000000
__Ltext28                      text28       000000
__Ltext29                      text29       000000
__Ltext3                       text3        000000
__Ltext30                      text30       000000
__Ltext31                      text31       000000
__Ltext32                      text32       000000
__Ltext33                      text33       000000
__Ltext34                      text34       000000
__Ltext35                      text35       000000
__Ltext36                      text36       000000
__Ltext37                      text37       000000
__Ltext38                      text38       000000
__Ltext39                      text39       000000
__Ltext4                       text4        000000
__Ltext5                       text5        000000
__Ltext6                       text6        000000
__Ltext7                       text7        000000
__Ltext8                       text8        000000
__Ltext9                       text9        000000
__S0                           (abs)        000D7E
__S1                           (abs)        0002FF
__S2                           (abs)        000000
__S4                           (abs)        000000
__S5                           (abs)        000000
___extmem_base                 (abs)        020000
___inthi_sp                    stack        000000
___intlo_sp                    stack        000000
___lwdiv                       text16       000912
___lwdiv@counter               cstackCOMRAM 000019
___lwdiv@dividend              cstackCOMRAM 000013
___lwdiv@divisor               cstackCOMRAM 000015
___lwdiv@quotient              cstackCOMRAM 000017
___param_bank                  (abs)        000000
___rparam_used                 (abs)        000001
___sp                          stack        000000
__accesstop                    (abs)        000060
__activetblptr                 (abs)        000003
__end_of___lwdiv               text16       000986
__end_of__initialization       cinit        000A54
__end_of_adc_task              text24       000C50
__end_of_adc_to_alt            text37       000AC0
__end_of_buf_isempty           text29       000C00
__end_of_buf_pop               text28       000780
__end_of_buf_push              text39       000816
__end_of_disable_interrupts    text11       000D6E
__end_of_disable_timer0        text14       000D62
__end_of_enable_interrupts     text22       000D72
__end_of_enable_timer0         text12       000D5C
__end_of_get_altitude          text15       000CDE
__end_of_get_end               text13       000D2A
__end_of_get_go                text7        000CC4
__end_of_get_led               text6        0009F4
__end_of_get_manual            text5        000CAA
__end_of_get_speed             text4        000D4E
__end_of_highPriorityISR       intcode_body 000B1C
__end_of_init_adc              text23       000CF4
__end_of_init_interrupts       text21       000D44
__end_of_init_ports            text20       000B98
__end_of_init_serial           text19       000D08
__end_of_init_timer            text18       000D38
__end_of_init_vars             text17       000B5A
__end_of_lowPriorityISR        intcodelo    000026
__end_of_main                  text0        000C2C
__end_of_parse                 text2        000436
__end_of_receive_isr           text38       000D1C
__end_of_send                  text10       000D6A
__end_of_send_altitude         text32       000520
__end_of_send_distance         text8        0005F6
__end_of_start_system          text1        000D56
__end_of_timer_isr             text30       000912
__end_of_to_hex                text9        000C70
__end_of_to_nibble             text3        000894
__end_of_transmit_isr          text27       000BCE
__end_ofi2_disable_interrupts  text36       000D7E
__end_ofi2_enable_interrupts   text35       000D7A
__end_ofi2_send                text34       000D76
__end_ofi2_send_distance       text31       0006CC
__end_ofi2_to_hex              text33       000C90
__initialization               cinit        0009F4
__mediumconst                  mediumconst  000000
__pbssBANK0                    bssBANK0     000060
__pbssBANK1                    bssBANK1     000100
__pbssBANK2                    bssBANK2     000200
__pbssCOMRAM                   bssCOMRAM    000023
__pcinit                       cinit        0009F4
__pcstackCOMRAM                cstackCOMRAM 000001
__pdataCOMRAM                  dataCOMRAM   00003B
__pidataCOMRAM                 idataCOMRAM  000D62
__pintcode                     intcode      000008
__pintcode_body                intcode_body 000AC0
__pintcodelo                   intcodelo    000018
__ptext0                       text0        000C00
__ptext1                       text1        000D4E
__ptext10                      text10       000D66
__ptext11                      text11       000D6A
__ptext12                      text12       000D56
__ptext13                      text13       000D1C
__ptext14                      text14       000D5C
__ptext15                      text15       000CC4
__ptext16                      text16       000912
__ptext17                      text17       000B1C
__ptext18                      text18       000D2A
__ptext19                      text19       000CF4
__ptext2                       text2        00002A
__ptext20                      text20       000B5A
__ptext21                      text21       000D38
__ptext22                      text22       000D6E
__ptext23                      text23       000CDE
__ptext24                      text24       000C2C
__ptext27                      text27       000B98
__ptext28                      text28       0006CC
__ptext29                      text29       000BCE
__ptext3                       text3        000816
__ptext30                      text30       000894
__ptext31                      text31       0005F6
__ptext32                      text32       000436
__ptext33                      text33       000C70
__ptext34                      text34       000D72
__ptext35                      text35       000D76
__ptext36                      text36       000D7A
__ptext37                      text37       000A5E
__ptext38                      text38       000D08
__ptext39                      text39       000780
__ptext4                       text4        000D44
__ptext5                       text5        000C90
__ptext6                       text6        000986
__ptext7                       text7        000CAA
__ptext8                       text8        000520
__ptext9                       text9        000C50
__ramtop                       ramtop       001000
__size_of___lwdiv              (abs)        000000
__size_of_adc_task             (abs)        000000
__size_of_adc_to_alt           (abs)        000000
__size_of_buf_isempty          (abs)        000000
__size_of_buf_pop              (abs)        000000
__size_of_buf_push             (abs)        000000
__size_of_disable_interrupts   (abs)        000000
__size_of_disable_timer0       (abs)        000000
__size_of_enable_interrupts    (abs)        000000
__size_of_enable_timer0        (abs)        000000
__size_of_get_altitude         (abs)        000000
__size_of_get_end              (abs)        000000
__size_of_get_go               (abs)        000000
__size_of_get_led              (abs)        000000
__size_of_get_manual           (abs)        000000
__size_of_get_speed            (abs)        000000
__size_of_highPriorityISR      (abs)        000000
__size_of_init_adc             (abs)        000000
__size_of_init_interrupts      (abs)        000000
__size_of_init_ports           (abs)        000000
__size_of_init_serial          (abs)        000000
__size_of_init_timer           (abs)        000000
__size_of_init_vars            (abs)        000000
__size_of_lowPriorityISR       (abs)        000000
__size_of_main                 (abs)        000000
__size_of_parse                (abs)        000000
__size_of_receive_isr          (abs)        000000
__size_of_send                 (abs)        000000
__size_of_send_altitude        (abs)        000000
__size_of_send_distance        (abs)        000000
__size_of_start_system         (abs)        000000
__size_of_timer_isr            (abs)        000000
__size_of_to_hex               (abs)        000000
__size_of_to_nibble            (abs)        000000
__size_of_transmit_isr         (abs)        000000
__size_ofi2_disable_interrupts (abs)        000000
__size_ofi2_enable_interrupts  (abs)        000000
__size_ofi2_send               (abs)        000000
__size_ofi2_send_distance      (abs)        000000
__size_ofi2_to_hex             (abs)        000000
__smallconst                   smallconst   000000
_adc                           bssCOMRAM    00002A
_adc_task                      text24       000C2C
_adc_to_alt                    text37       000A5E
_altitude_period               bssCOMRAM    00003A
_buf_isempty                   text29       000BCE
_buf_pop                       text28       0006CC
_buf_push                      text39       000780
_counter                       bssCOMRAM    000039
_digit_count_to_be_parsed      bssCOMRAM    000034
_disable_interrupts            text11       000D6A
_disable_timer0                text14       000D5C
_dist                          bssCOMRAM    00002C
_enable_interrupts             text22       000D6E
_enable_timer0                 text12       000D56
_get_altitude                  text15       000CC4
_get_end                       text13       000D1C
_get_go                        text7        000CAA
_get_led                       text6        000986
_get_manual                    text5        000C90
_get_speed                     text4        000D44
_head                          dataCOMRAM   00003D
_highPriorityISR               intcode      000008
_inbuf                         bssBANK1     000100
_init_adc                      text23       000CDE
_init_interrupts               text21       000D38
_init_ports                    text20       000B5A
_init_serial                   text19       000CF4
_init_timer                    text18       000D2A
_init_vars                     text17       000B1C
_is_manual                     bssCOMRAM    000038
_lowPriorityISR                intcodelo    000018
_main                          text0        000C00
_message_name                  bssCOMRAM    000023
_message_pos                   bssCOMRAM    000035
_message_type                  bssCOMRAM    000036
_outbuf                        bssBANK2     000200
_output_st                     bssCOMRAM    00002E
_parse                         text2        00002A
_parse$979                     cstackCOMRAM 000020
_parse_state                   bssCOMRAM    000037
_parsed_digit_count            bssCOMRAM    000033
_parsed_number                 bssCOMRAM    000026
_pkt_body                      bssBANK0     000060
_pkt_bodysize                  bssCOMRAM    000031
_pkt_id                        bssCOMRAM    00002F
_pkt_state                     bssCOMRAM    000032
_pkt_valid                     bssCOMRAM    000030
_receive_isr                   text38       000D08
_send                          text10       000D66
_send_altitude                 text32       000436
_send_distance                 text8        000520
_speed                         bssCOMRAM    000028
_start_system                  text1        000D4E
_tail                          dataCOMRAM   00003B
_timer_isr                     text30       000894
_to_hex                        text9        000C50
_to_nibble                     text3        000816
_transmit_isr                  text27       000B98
adc_to_alt@value               cstackCOMRAM 000001
btemp                          temp         00003F
buf_isempty@buf                cstackCOMRAM 000003
buf_pop@buf                    cstackCOMRAM 000007
buf_pop@v                      cstackCOMRAM 000006
buf_push@buf                   cstackCOMRAM 000001
buf_push@v                     cstackCOMRAM 000004
end_of_initialization          cinit        000A54
get_altitude@period            cstackCOMRAM 00001A
get_go@distance                cstackCOMRAM 00001B
get_led@led                    cstackCOMRAM 000015
get_manual@activation          cstackCOMRAM 000013
get_speed@spd                  cstackCOMRAM 000013
i2_disable_interrupts          text36       000D7A
i2_enable_interrupts           text35       000D76
i2_send                        text34       000D72
i2_send_distance               text31       0005F6
i2_to_hex                      text33       000C70
i2send_distance@distance       cstackCOMRAM 000005
i2send_distance@hex            cstackCOMRAM 00000B
i2send_distance@nibble0        cstackCOMRAM 000007
i2send_distance@nibble1        cstackCOMRAM 000008
i2send_distance@nibble2        cstackCOMRAM 000009
i2send_distance@nibble3        cstackCOMRAM 00000A
i2to_hex@nibble                cstackCOMRAM 000001
int$flags                      temp         00003F
int_func                       intcode_body 000AC0
intlevel0                      text         000000
intlevel1                      text         000000
intlevel2                      text         000000
intlevel3                      text         000000
parse@is_digit                 cstackCOMRAM 000021
parse@is_end                   cstackCOMRAM 00001F
parse@value                    cstackCOMRAM 000022
send_altitude@adc_value        cstackCOMRAM 000005
send_altitude@alt              cstackCOMRAM 00000B
send_altitude@hex              cstackCOMRAM 00000D
send_altitude@nibble0          cstackCOMRAM 000007
send_altitude@nibble1          cstackCOMRAM 000008
send_altitude@nibble2          cstackCOMRAM 000009
send_altitude@nibble3          cstackCOMRAM 00000A
send_distance@distance         cstackCOMRAM 000014
send_distance@hex              cstackCOMRAM 00001A
send_distance@nibble0          cstackCOMRAM 000016
send_distance@nibble1          cstackCOMRAM 000017
send_distance@nibble2          cstackCOMRAM 000018
send_distance@nibble3          cstackCOMRAM 000019
stackhi                        (abs)        000F5F
stacklo                        (abs)        0002FF
start                          init         000026
start_initialization           cinit        0009F4
to_hex@nibble                  cstackCOMRAM 000013
to_nibble@nibble               cstackCOMRAM 000013
ttemp5                         temp         000040
ttemp6                         temp         000043
ttemp7                         temp         000047
wtemp8                         temp         000040


FUNCTION INFORMATION:

 *************** function _main *****************
 Defined at:
		line 591 in file "main.c"
 Parameters:    Size  Location     Type
		None
 Auto vars:     Size  Location     Type
		None
 Return value:  Size  Location     Type
                  1    wreg      void 
 Registers used:
		wreg, fsr1l, fsr1h, fsr2l, fsr2h, status,2, status,0, cstack
 Tracked objects:
		On entry : 
		On exit  : 
		Unchanged: 
 Data sizes:     COMRAM   BANK0   BANK1   BANK2   BANK3   BANK4   BANK5   BANK6   BANK7   BANK8   BANK9  BANK10  BANK11  BANK12  BANK13  BANK14  BANK15
      Params:         0       0       0       0       0       0       0       0       0       0       0       0       0       0       0       0       0
      Locals:         0       0       0       0       0       0       0       0       0       0       0       0       0       0       0       0       0
      Temps:          0       0       0       0       0       0       0       0       0       0       0       0       0       0       0       0       0
      Totals:         0       0       0       0       0       0       0       0       0       0       0       0       0       0       0       0       0
Total ram usage:        0 bytes
 Hardware stack levels required when called:    9
 This function calls:
		_adc_task
		_init_adc
		_init_interrupts
		_init_ports
		_init_serial
		_init_timer
		_init_vars
		_parse
		_start_system
 This function is called by:
		Startup code after reset
 This function uses a non-reentrant model


 *************** function _start_system *****************
 Defined at:
		line 290 in file "main.c"
 Parameters:    Size  Location     Type
		None
 Auto vars:     Size  Location     Type
		None
 Return value:  Size  Location     Type
                  1    wreg      void 
 Registers used:
		cstack
 Tracked objects:
		On entry : 
		On exit  : 
		Unchanged: 
 Data sizes:     COMRAM   BANK0   BANK1   BANK2   BANK3   BANK4   BANK5   BANK6   BANK7   BANK8   BANK9  BANK10  BANK11  BANK12  BANK13  BANK14  BANK15
      Params:         0       0       0       0       0       0       0       0       0       0       0       0       0       0       0       0       0
      Locals:         0       0       0       0       0       0       0       0       0       0       0       0       0       0       0       0       0
      Temps:          0       0       0       0       0       0       0       0       0       0       0       0       0       0       0       0       0
      Totals:         0       0       0       0       0       0       0       0       0       0       0       0       0       0       0       0       0
Total ram usage:        0 bytes
 Hardware stack levels used:    1
 Hardware stack levels required when called:    6
 This function calls:
		_enable_timer0
 This function is called by:
		_main
 This function uses a non-reentrant model


 *************** function _parse *****************
 Defined at:
		line 490 in file "main.c"
 Parameters:    Size  Location     Type
		None
 Auto vars:     Size  Location     Type
  is_digit        1   32[COMRAM] _Bool 
  is_end          1   30[COMRAM] _Bool 
  value           1   33[COMRAM] unsigned char 
 Return value:  Size  Location     Type
                  1    wreg      void 
 Registers used:
		wreg, fsr1l, fsr1h, fsr2l, fsr2h, status,2, status,0, cstack
 Tracked objects:
		On entry : 
		On exit  : 
		Unchanged: 
 Data sizes:     COMRAM   BANK0   BANK1   BANK2   BANK3   BANK4   BANK5   BANK6   BANK7   BANK8   BANK9  BANK10  BANK11  BANK12  BANK13  BANK14  BANK15
      Params:         0       0       0       0       0       0       0       0       0       0       0       0       0       0       0       0       0
      Locals:         4       0       0       0       0       0       0       0       0       0       0       0       0       0       0       0       0
      Temps:          2       0       0       0       0       0       0       0       0       0       0       0       0       0       0       0       0
      Totals:         6       0       0       0       0       0       0       0       0       0       0       0       0       0       0       0       0
Total ram usage:        6 bytes
 Hardware stack levels used:    1
 Hardware stack levels required when called:    8
 This function calls:
		_buf_isempty
		_buf_pop
		_disable_interrupts
		_enable_interrupts
		_get_altitude
		_get_end
		_get_go
		_get_led
		_get_manual
		_get_speed
		_to_nibble
 This function is called by:
		_main
 This function uses a non-reentrant model


 *************** function _to_nibble *****************
 Defined at:
		line 370 in file "main.c"
 Parameters:    Size  Location     Type
  nibble          1    wreg     unsigned char 
 Auto vars:     Size  Location     Type
  nibble          1   18[COMRAM] unsigned char 
 Return value:  Size  Location     Type
                  1    wreg      unsigned char 
 Registers used:
		wreg, status,2, status,0
 Tracked objects:
		On entry : 
		On exit  : 
		Unchanged: 
 Data sizes:     COMRAM   BANK0   BANK1   BANK2   BANK3   BANK4   BANK5   BANK6   BANK7   BANK8   BANK9  BANK10  BANK11  BANK12  BANK13  BANK14  BANK15
      Params:         0       0       0       0       0       0       0       0       0       0       0       0       0       0       0       0       0
      Locals:         1       0       0       0       0       0       0       0       0       0       0       0       0       0       0       0       0
      Temps:          0       0       0       0       0       0       0       0       0       0       0       0       0       0       0       0       0
      Totals:         1       0       0       0       0       0       0       0       0       0       0       0       0       0       0       0       0
Total ram usage:        1 bytes
 Hardware stack levels used:    1
 Hardware stack levels required when called:    5
 This function calls:
		Nothing
 This function is called by:
		_parse
		_from_hex
		_from_hex16
 This function uses a non-reentrant model


 *************** function _get_speed *****************
 Defined at:
		line 326 in file "main.c"
 Parameters:    Size  Location     Type
  spd             2   18[COMRAM] unsigned short 
 Auto vars:     Size  Location     Type
		None
 Return value:  Size  Location     Type
                  1    wreg      void 
 Registers used:
		None
 Tracked objects:
		On entry : 
		On exit  : 
		Unchanged: 
 Data sizes:     COMRAM   BANK0   BANK1   BANK2   BANK3   BANK4   BANK5   BANK6   BANK7   BANK8   BANK9  BANK10  BANK11  BANK12  BANK13  BANK14  BANK15
      Params:         2       0       0       0       0       0       0       0       0       0       0       0       0       0       0       0       0
      Locals:         0       0       0       0       0       0       0       0       0       0       0       0       0       0       0       0       0
      Temps:          0       0       0       0       0       0       0       0       0       0       0       0       0       0       0       0       0
      Totals:         2       0       0       0       0       0       0       0       0       0       0       0       0       0       0       0       0
Total ram usage:        2 bytes
 Hardware stack levels used:    1
 Hardware stack levels required when called:    5
 This function calls:
		Nothing
 This function is called by:
		_parse
 This function uses a non-reentrant model


 *************** function _get_manual *****************
 Defined at:
		line 334 in file "main.c"
 Parameters:    Size  Location     Type
  activation      1    wreg     unsigned char 
 Auto vars:     Size  Location     Type
  activation      1   18[COMRAM] unsigned char 
 Return value:  Size  Location     Type
                  1    wreg      void 
 Registers used:
		wreg, status,2
 Tracked objects:
		On entry : 
		On exit  : 
		Unchanged: 
 Data sizes:     COMRAM   BANK0   BANK1   BANK2   BANK3   BANK4   BANK5   BANK6   BANK7   BANK8   BANK9  BANK10  BANK11  BANK12  BANK13  BANK14  BANK15
      Params:         0       0       0       0       0       0       0       0       0       0       0       0       0       0       0       0       0
      Locals:         1       0       0       0       0       0       0       0       0       0       0       0       0       0       0       0       0
      Temps:          0       0       0       0       0       0       0       0       0       0       0       0       0       0       0       0       0
      Totals:         1       0       0       0       0       0       0       0       0       0       0       0       0       0       0       0       0
Total ram usage:        1 bytes
 Hardware stack levels used:    1
 Hardware stack levels required when called:    5
 This function calls:
		Nothing
 This function is called by:
		_parse
 This function uses a non-reentrant model


 *************** function _get_led *****************
 Defined at:
		line 338 in file "main.c"
 Parameters:    Size  Location     Type
  led             1    wreg     unsigned char 
 Auto vars:     Size  Location     Type
  led             1   20[COMRAM] unsigned char 
 Return value:  Size  Location     Type
                  1    wreg      void 
 Registers used:
		wreg, status,2, status,0
 Tracked objects:
		On entry : 
		On exit  : 
		Unchanged: 
 Data sizes:     COMRAM   BANK0   BANK1   BANK2   BANK3   BANK4   BANK5   BANK6   BANK7   BANK8   BANK9  BANK10  BANK11  BANK12  BANK13  BANK14  BANK15
      Params:         0       0       0       0       0       0       0       0       0       0       0       0       0       0       0       0       0
      Locals:         1       0       0       0       0       0       0       0       0       0       0       0       0       0       0       0       0
      Temps:          2       0       0       0       0       0       0       0       0       0       0       0       0       0       0       0       0
      Totals:         3       0       0       0       0       0       0       0       0       0       0       0       0       0       0       0       0
Total ram usage:        3 bytes
 Hardware stack levels used:    1
 Hardware stack levels required when called:    5
 This function calls:
		Nothing
 This function is called by:
		_parse
 This function uses a non-reentrant model


 *************** function _get_go *****************
 Defined at:
		line 315 in file "main.c"
 Parameters:    Size  Location     Type
  distance        2   26[COMRAM] unsigned short 
 Auto vars:     Size  Location     Type
		None
 Return value:  Size  Location     Type
                  1    wreg      void 
 Registers used:
		wreg, fsr2l, fsr2h, status,2, status,0, cstack
 Tracked objects:
		On entry : 
		On exit  : 
		Unchanged: 
 Data sizes:     COMRAM   BANK0   BANK1   BANK2   BANK3   BANK4   BANK5   BANK6   BANK7   BANK8   BANK9  BANK10  BANK11  BANK12  BANK13  BANK14  BANK15
      Params:         2       0       0       0       0       0       0       0       0       0       0       0       0       0       0       0       0
      Locals:         0       0       0       0       0       0       0       0       0       0       0       0       0       0       0       0       0
      Temps:          0       0       0       0       0       0       0       0       0       0       0       0       0       0       0       0       0
      Totals:         2       0       0       0       0       0       0       0       0       0       0       0       0       0       0       0       0
Total ram usage:        2 bytes
 Hardware stack levels used:    1
 Hardware stack levels required when called:    7
 This function calls:
		_enable_timer0
		_send_distance
 This function is called by:
		_parse
 This function uses a non-reentrant model


 *************** function _send_distance *****************
 Defined at:
		line 393 in file "main.c"
 Parameters:    Size  Location     Type
  distance        2   19[COMRAM] unsigned short 
 Auto vars:     Size  Location     Type
  hex             1   25[COMRAM] unsigned char 
  nibble3         1   24[COMRAM] unsigned char 
  nibble2         1   23[COMRAM] unsigned char 
  nibble1         1   22[COMRAM] unsigned char 
  nibble0         1   21[COMRAM] unsigned char 
 Return value:  Size  Location     Type
                  1    wreg      void 
 Registers used:
		wreg, fsr2l, fsr2h, status,2, status,0, cstack
 Tracked objects:
		On entry : 
		On exit  : 
		Unchanged: 
 Data sizes:     COMRAM   BANK0   BANK1   BANK2   BANK3   BANK4   BANK5   BANK6   BANK7   BANK8   BANK9  BANK10  BANK11  BANK12  BANK13  BANK14  BANK15
      Params:         2       0       0       0       0       0       0       0       0       0       0       0       0       0       0       0       0
      Locals:         5       0       0       0       0       0       0       0       0       0       0       0       0       0       0       0       0
      Temps:          0       0       0       0       0       0       0       0       0       0       0       0       0       0       0       0       0
      Totals:         7       0       0       0       0       0       0       0       0       0       0       0       0       0       0       0       0
Total ram usage:        7 bytes
 Hardware stack levels used:    1
 Hardware stack levels required when called:    6
 This function calls:
		_buf_push
		_disable_interrupts
		_enable_interrupts
		_send
		_to_hex
 This function is called by:
		_get_go
 This function uses a non-reentrant model


 *************** function _to_hex *****************
 Defined at:
		line 361 in file "main.c"
 Parameters:    Size  Location     Type
  nibble          1    wreg     unsigned char 
 Auto vars:     Size  Location     Type
  nibble          1   18[COMRAM] unsigned char 
 Return value:  Size  Location     Type
                  1    wreg      unsigned char 
 Registers used:
		wreg, status,2, status,0
 Tracked objects:
		On entry : 
		On exit  : 
		Unchanged: 
 Data sizes:     COMRAM   BANK0   BANK1   BANK2   BANK3   BANK4   BANK5   BANK6   BANK7   BANK8   BANK9  BANK10  BANK11  BANK12  BANK13  BANK14  BANK15
      Params:         0       0       0       0       0       0       0       0       0       0       0       0       0       0       0       0       0
      Locals:         1       0       0       0       0       0       0       0       0       0       0       0       0       0       0       0       0
      Temps:          0       0       0       0       0       0       0       0       0       0       0       0       0       0       0       0       0
      Totals:         1       0       0       0       0       0       0       0       0       0       0       0       0       0       0       0       0
Total ram usage:        1 bytes
 Hardware stack levels used:    1
 Hardware stack levels required when called:    5
 This function calls:
		Nothing
 This function is called by:
		_send_distance
		_send_button_press
 This function uses a non-reentrant model


 *************** function _send *****************
 Defined at:
		line 389 in file "main.c"
 Parameters:    Size  Location     Type
		None
 Auto vars:     Size  Location     Type
		None
 Return value:  Size  Location     Type
                  1    wreg      void 
 Registers used:
		None
 Tracked objects:
		On entry : 
		On exit  : 
		Unchanged: 
 Data sizes:     COMRAM   BANK0   BANK1   BANK2   BANK3   BANK4   BANK5   BANK6   BANK7   BANK8   BANK9  BANK10  BANK11  BANK12  BANK13  BANK14  BANK15
      Params:         0       0       0       0       0       0       0       0       0       0       0       0       0       0       0       0       0
      Locals:         0       0       0       0       0       0       0       0       0       0       0       0       0       0       0       0       0
      Temps:          0       0       0       0       0       0       0       0       0       0       0       0       0       0       0       0       0
      Totals:         0       0       0       0       0       0       0       0       0       0       0       0       0       0       0       0       0
Total ram usage:        0 bytes
 Hardware stack levels used:    1
 Hardware stack levels required when called:    5
 This function calls:
		Nothing
 This function is called by:
		_send_distance
		_send_button_press
 This function uses a non-reentrant model


 *************** function _disable_interrupts *****************
 Defined at:
		line 92 in file "main.c"
 Parameters:    Size  Location     Type
		None
 Auto vars:     Size  Location     Type
		None
 Return value:  Size  Location     Type
                  1    wreg      void 
 Registers used:
		None
 Tracked objects:
		On entry : 
		On exit  : 
		Unchanged: 
 Data sizes:     COMRAM   BANK0   BANK1   BANK2   BANK3   BANK4   BANK5   BANK6   BANK7   BANK8   BANK9  BANK10  BANK11  BANK12  BANK13  BANK14  BANK15
      Params:         0       0       0       0       0       0       0       0       0       0       0       0       0       0       0       0       0
      Locals:         0       0       0       0       0       0       0       0       0       0       0       0       0       0       0       0       0
      Temps:          0       0       0       0       0       0       0       0       0       0       0       0       0       0       0       0       0
      Totals:         0       0       0       0       0       0       0       0       0       0       0       0       0       0       0       0       0
Total ram usage:        0 bytes
 Hardware stack levels used:    1
 Hardware stack levels required when called:    5
 This function calls:
		Nothing
 This function is called by:
		_send_distance
		_parse
		_send_button_press
 This function uses a non-reentrant model


 *************** function _enable_timer0 *****************
 Defined at:
		line 100 in file "main.c"
 Parameters:    Size  Location     Type
		None
 Auto vars:     Size  Location     Type
		None
 Return value:  Size  Location     Type
                  1    wreg      void 
 Registers used:
		None
 Tracked objects:
		On entry : 
		On exit  : 
		Unchanged: 
 Data sizes:     COMRAM   BANK0   BANK1   BANK2   BANK3   BANK4   BANK5   BANK6   BANK7   BANK8   BANK9  BANK10  BANK11  BANK12  BANK13  BANK14  BANK15
      Params:         0       0       0       0       0       0       0       0       0       0       0       0       0       0       0       0       0
      Locals:         0       0       0       0       0       0       0       0       0       0       0       0       0       0       0       0       0
      Temps:          0       0       0       0       0       0       0       0       0       0       0       0       0       0       0       0       0
      Totals:         0       0       0       0       0       0       0       0       0       0       0       0       0       0       0       0       0
Total ram usage:        0 bytes
 Hardware stack levels used:    1
 Hardware stack levels required when called:    5
 This function calls:
		Nothing
 This function is called by:
		_start_system
		_get_go
 This function uses a non-reentrant model


 *************** function _get_end *****************
 Defined at:
		line 321 in file "main.c"
 Parameters:    Size  Location     Type
		None
 Auto vars:     Size  Location     Type
		None
 Return value:  Size  Location     Type
                  1    wreg      void 
 Registers used:
		wreg, status,2, cstack
 Tracked objects:
		On entry : 
		On exit  : 
		Unchanged: 
 Data sizes:     COMRAM   BANK0   BANK1   BANK2   BANK3   BANK4   BANK5   BANK6   BANK7   BANK8   BANK9  BANK10  BANK11  BANK12  BANK13  BANK14  BANK15
      Params:         0       0       0       0       0       0       0       0       0       0       0       0       0       0       0       0       0
      Locals:         0       0       0       0       0       0       0       0       0       0       0       0       0       0       0       0       0
      Temps:          0       0       0       0       0       0       0       0       0       0       0       0       0       0       0       0       0
      Totals:         0       0       0       0       0       0       0       0       0       0       0       0       0       0       0       0       0
Total ram usage:        0 bytes
 Hardware stack levels used:    1
 Hardware stack levels required when called:    6
 This function calls:
		_disable_timer0
 This function is called by:
		_parse
 This function uses a non-reentrant model


 *************** function _disable_timer0 *****************
 Defined at:
		line 105 in file "main.c"
 Parameters:    Size  Location     Type
		None
 Auto vars:     Size  Location     Type
		None
 Return value:  Size  Location     Type
                  1    wreg      void 
 Registers used:
		None
 Tracked objects:
		On entry : 
		On exit  : 
		Unchanged: 
 Data sizes:     COMRAM   BANK0   BANK1   BANK2   BANK3   BANK4   BANK5   BANK6   BANK7   BANK8   BANK9  BANK10  BANK11  BANK12  BANK13  BANK14  BANK15
      Params:         0       0       0       0       0       0       0       0       0       0       0       0       0       0       0       0       0
      Locals:         0       0       0       0       0       0       0       0       0       0       0       0       0       0       0       0       0
      Temps:          0       0       0       0       0       0       0       0       0       0       0       0       0       0       0       0       0
      Totals:         0       0       0       0       0       0       0       0       0       0       0       0       0       0       0       0       0
Total ram usage:        0 bytes
 Hardware stack levels used:    1
 Hardware stack levels required when called:    5
 This function calls:
		Nothing
 This function is called by:
		_get_end
 This function uses a non-reentrant model


 *************** function _get_altitude *****************
 Defined at:
		line 330 in file "main.c"
 Parameters:    Size  Location     Type
  period          2   25[COMRAM] unsigned short 
 Auto vars:     Size  Location     Type
		None
 Return value:  Size  Location     Type
                  1    wreg      void 
 Registers used:
		wreg, status,2, status,0, cstack
 Tracked objects:
		On entry : 
		On exit  : 
		Unchanged: 
 Data sizes:     COMRAM   BANK0   BANK1   BANK2   BANK3   BANK4   BANK5   BANK6   BANK7   BANK8   BANK9  BANK10  BANK11  BANK12  BANK13  BANK14  BANK15
      Params:         2       0       0       0       0       0       0       0       0       0       0       0       0       0       0       0       0
      Locals:         0       0       0       0       0       0       0       0       0       0       0       0       0       0       0       0       0
      Temps:          0       0       0       0       0       0       0       0       0       0       0       0       0       0       0       0       0
      Totals:         2       0       0       0       0       0       0       0       0       0       0       0       0       0       0       0       0
Total ram usage:        2 bytes
 Hardware stack levels used:    1
 Hardware stack levels required when called:    6
 This function calls:
		___lwdiv
 This function is called by:
		_parse
 This function uses a non-reentrant model


 *************** function ___lwdiv *****************
 Defined at:
		line 7 in file "/opt/microchip/xc8/v2.30/pic/sources/c99/common/lwdiv.c"
 Parameters:    Size  Location     Type
  dividend        2   18[COMRAM] unsigned int 
  divisor         2   20[COMRAM] unsigned int 
 Auto vars:     Size  Location     Type
  quotient        2   22[COMRAM] unsigned int 
  counter         1   24[COMRAM] unsigned char 
 Return value:  Size  Location     Type
                  2   18[COMRAM] unsigned int 
 Registers used:
		wreg, status,2, status,0
 Tracked objects:
		On entry : 
		On exit  : 
		Unchanged: 
 Data sizes:     COMRAM   BANK0   BANK1   BANK2   BANK3   BANK4   BANK5   BANK6   BANK7   BANK8   BANK9  BANK10  BANK11  BANK12  BANK13  BANK14  BANK15
      Params:         4       0       0       0       0       0       0       0       0       0       0       0       0       0       0       0       0
      Locals:         3       0       0       0       0       0       0       0       0       0       0       0       0       0       0       0       0
      Temps:          0       0       0       0       0       0       0       0       0       0       0       0       0       0       0       0       0
      Totals:         7       0       0       0       0       0       0       0       0       0       0       0       0       0       0       0       0
Total ram usage:        7 bytes
 Hardware stack levels used:    1
 Hardware stack levels required when called:    5
 This function calls:
		Nothing
 This function is called by:
		_get_altitude
 This function uses a non-reentrant model


 *************** function _init_vars *****************
 Defined at:
		line 220 in file "main.c"
 Parameters:    Size  Location     Type
		None
 Auto vars:     Size  Location     Type
		None
 Return value:  Size  Location     Type
                  1    wreg      void 
 Registers used:
		wreg, status,2
 Tracked objects:
		On entry : 
		On exit  : 
		Unchanged: 
 Data sizes:     COMRAM   BANK0   BANK1   BANK2   BANK3   BANK4   BANK5   BANK6   BANK7   BANK8   BANK9  BANK10  BANK11  BANK12  BANK13  BANK14  BANK15
      Params:         0       0       0       0       0       0       0       0       0       0       0       0       0       0       0       0       0
      Locals:         0       0       0       0       0       0       0       0       0       0       0       0       0       0       0       0       0
      Temps:          0       0       0       0       0       0       0       0       0       0       0       0       0       0       0       0       0
      Totals:         0       0       0       0       0       0       0       0       0       0       0       0       0       0       0       0       0
Total ram usage:        0 bytes
 Hardware stack levels used:    1
 Hardware stack levels required when called:    5
 This function calls:
		Nothing
 This function is called by:
		_main
 This function uses a non-reentrant model


 *************** function _init_timer *****************
 Defined at:
		line 283 in file "main.c"
 Parameters:    Size  Location     Type
		None
 Auto vars:     Size  Location     Type
		None
 Return value:  Size  Location     Type
                  1    wreg      void 
 Registers used:
		wreg, status,2
 Tracked objects:
		On entry : 
		On exit  : 
		Unchanged: 
 Data sizes:     COMRAM   BANK0   BANK1   BANK2   BANK3   BANK4   BANK5   BANK6   BANK7   BANK8   BANK9  BANK10  BANK11  BANK12  BANK13  BANK14  BANK15
      Params:         0       0       0       0       0       0       0       0       0       0       0       0       0       0       0       0       0
      Locals:         0       0       0       0       0       0       0       0       0       0       0       0       0       0       0       0       0
      Temps:          0       0       0       0       0       0       0       0       0       0       0       0       0       0       0       0       0
      Totals:         0       0       0       0       0       0       0       0       0       0       0       0       0       0       0       0       0
Total ram usage:        0 bytes
 Hardware stack levels used:    1
 Hardware stack levels required when called:    5
 This function calls:
		Nothing
 This function is called by:
		_main
 This function uses a non-reentrant model


 *************** function _init_serial *****************
 Defined at:
		line 252 in file "main.c"
 Parameters:    Size  Location     Type
		None
 Auto vars:     Size  Location     Type
		None
 Return value:  Size  Location     Type
                  1    wreg      void 
 Registers used:
		wreg, status,2
 Tracked objects:
		On entry : 
		On exit  : 
		Unchanged: 
 Data sizes:     COMRAM   BANK0   BANK1   BANK2   BANK3   BANK4   BANK5   BANK6   BANK7   BANK8   BANK9  BANK10  BANK11  BANK12  BANK13  BANK14  BANK15
      Params:         0       0       0       0       0       0       0       0       0       0       0       0       0       0       0       0       0
      Locals:         0       0       0       0       0       0       0       0       0       0       0       0       0       0       0       0       0
      Temps:          0       0       0       0       0       0       0       0       0       0       0       0       0       0       0       0       0
      Totals:         0       0       0       0       0       0       0       0       0       0       0       0       0       0       0       0       0
Total ram usage:        0 bytes
 Hardware stack levels used:    1
 Hardware stack levels required when called:    5
 This function calls:
		Nothing
 This function is called by:
		_main
 This function uses a non-reentrant model


 *************** function _init_ports *****************
 Defined at:
		line 234 in file "main.c"
 Parameters:    Size  Location     Type
		None
 Auto vars:     Size  Location     Type
		None
 Return value:  Size  Location     Type
                  1    wreg      void 
 Registers used:
		wreg, status,2
 Tracked objects:
		On entry : 
		On exit  : 
		Unchanged: 
 Data sizes:     COMRAM   BANK0   BANK1   BANK2   BANK3   BANK4   BANK5   BANK6   BANK7   BANK8   BANK9  BANK10  BANK11  BANK12  BANK13  BANK14  BANK15
      Params:         0       0       0       0       0       0       0       0       0       0       0       0       0       0       0       0       0
      Locals:         0       0       0       0       0       0       0       0       0       0       0       0       0       0       0       0       0
      Temps:          0       0       0       0       0       0       0       0       0       0       0       0       0       0       0       0       0
      Totals:         0       0       0       0       0       0       0       0       0       0       0       0       0       0       0       0       0
Total ram usage:        0 bytes
 Hardware stack levels used:    1
 Hardware stack levels required when called:    5
 This function calls:
		Nothing
 This function is called by:
		_main
 This function uses a non-reentrant model


 *************** function _init_interrupts *****************
 Defined at:
		line 267 in file "main.c"
 Parameters:    Size  Location     Type
		None
 Auto vars:     Size  Location     Type
		None
 Return value:  Size  Location     Type
                  1    wreg      void 
 Registers used:
		cstack
 Tracked objects:
		On entry : 
		On exit  : 
		Unchanged: 
 Data sizes:     COMRAM   BANK0   BANK1   BANK2   BANK3   BANK4   BANK5   BANK6   BANK7   BANK8   BANK9  BANK10  BANK11  BANK12  BANK13  BANK14  BANK15
      Params:         0       0       0       0       0       0       0       0       0       0       0       0       0       0       0       0       0
      Locals:         0       0       0       0       0       0       0       0       0       0       0       0       0       0       0       0       0
      Temps:          0       0       0       0       0       0       0       0       0       0       0       0       0       0       0       0       0
      Totals:         0       0       0       0       0       0       0       0       0       0       0       0       0       0       0       0       0
Total ram usage:        0 bytes
 Hardware stack levels used:    1
 Hardware stack levels required when called:    6
 This function calls:
		_enable_interrupts
 This function is called by:
		_main
 This function uses a non-reentrant model


 *************** function _enable_interrupts *****************
 Defined at:
		line 96 in file "main.c"
 Parameters:    Size  Location     Type
		None
 Auto vars:     Size  Location     Type
		None
 Return value:  Size  Location     Type
                  1    wreg      void 
 Registers used:
		None
 Tracked objects:
		On entry : 
		On exit  : 
		Unchanged: 
 Data sizes:     COMRAM   BANK0   BANK1   BANK2   BANK3   BANK4   BANK5   BANK6   BANK7   BANK8   BANK9  BANK10  BANK11  BANK12  BANK13  BANK14  BANK15
      Params:         0       0       0       0       0       0       0       0       0       0       0       0       0       0       0       0       0
      Locals:         0       0       0       0       0       0       0       0       0       0       0       0       0       0       0       0       0
      Temps:          0       0       0       0       0       0       0       0       0       0       0       0       0       0       0       0       0
      Totals:         0       0       0       0       0       0       0       0       0       0       0       0       0       0       0       0       0
Total ram usage:        0 bytes
 Hardware stack levels used:    1
 Hardware stack levels required when called:    5
 This function calls:
		Nothing
 This function is called by:
		_init_interrupts
		_send_distance
		_parse
		_send_button_press
 This function uses a non-reentrant model


 *************** function _init_adc *****************
 Defined at:
		line 275 in file "main.c"
 Parameters:    Size  Location     Type
		None
 Auto vars:     Size  Location     Type
		None
 Return value:  Size  Location     Type
                  1    wreg      void 
 Registers used:
		wreg, status,2
 Tracked objects:
		On entry : 
		On exit  : 
		Unchanged: 
 Data sizes:     COMRAM   BANK0   BANK1   BANK2   BANK3   BANK4   BANK5   BANK6   BANK7   BANK8   BANK9  BANK10  BANK11  BANK12  BANK13  BANK14  BANK15
      Params:         0       0       0       0       0       0       0       0       0       0       0       0       0       0       0       0       0
      Locals:         0       0       0       0       0       0       0       0       0       0       0       0       0       0       0       0       0
      Temps:          0       0       0       0       0       0       0       0       0       0       0       0       0       0       0       0       0
      Totals:         0       0       0       0       0       0       0       0       0       0       0       0       0       0       0       0       0
Total ram usage:        0 bytes
 Hardware stack levels used:    1
 Hardware stack levels required when called:    5
 This function calls:
		Nothing
 This function is called by:
		_main
 This function uses a non-reentrant model


 *************** function _adc_task *****************
 Defined at:
		line 585 in file "main.c"
 Parameters:    Size  Location     Type
		None
 Auto vars:     Size  Location     Type
		None
 Return value:  Size  Location     Type
                  1    wreg      void 
 Registers used:
		wreg, status,2, status,0
 Tracked objects:
		On entry : 
		On exit  : 
		Unchanged: 
 Data sizes:     COMRAM   BANK0   BANK1   BANK2   BANK3   BANK4   BANK5   BANK6   BANK7   BANK8   BANK9  BANK10  BANK11  BANK12  BANK13  BANK14  BANK15
      Params:         0       0       0       0       0       0       0       0       0       0       0       0       0       0       0       0       0
      Locals:         0       0       0       0       0       0       0       0       0       0       0       0       0       0       0       0       0
      Temps:          2       0       0       0       0       0       0       0       0       0       0       0       0       0       0       0       0
      Totals:         2       0       0       0       0       0       0       0       0       0       0       0       0       0       0       0       0
Total ram usage:        2 bytes
 Hardware stack levels used:    1
 Hardware stack levels required when called:    5
 This function calls:
		Nothing
 This function is called by:
		_main
 This function uses a non-reentrant model


 *************** function _lowPriorityISR *****************
 Defined at:
		line 216 in file "main.c"
 Parameters:    Size  Location     Type
		None
 Auto vars:     Size  Location     Type
		None
 Return value:  Size  Location     Type
                  1    wreg      void 
 Registers used:
		None
 Tracked objects:
		On entry : 
		On exit  : 
		Unchanged: 
 Data sizes:     COMRAM   BANK0   BANK1   BANK2   BANK3   BANK4   BANK5   BANK6   BANK7   BANK8   BANK9  BANK10  BANK11  BANK12  BANK13  BANK14  BANK15
      Params:         0       0       0       0       0       0       0       0       0       0       0       0       0       0       0       0       0
      Locals:         0       0       0       0       0       0       0       0       0       0       0       0       0       0       0       0       0
      Temps:          1       0       0       0       0       0       0       0       0       0       0       0       0       0       0       0       0
      Totals:         1       0       0       0       0       0       0       0       0       0       0       0       0       0       0       0       0
Total ram usage:        1 bytes
 Hardware stack levels used:    1
 Hardware stack levels required when called:    4
 This function calls:
		Nothing
 This function is called by:
		Interrupt level 1
 This function uses a non-reentrant model


 *************** function _highPriorityISR *****************
 Defined at:
		line 210 in file "main.c"
 Parameters:    Size  Location     Type
		None
 Auto vars:     Size  Location     Type
		None
 Return value:  Size  Location     Type
                  1    wreg      void 
 Registers used:
		wreg, fsr1l, fsr1h, fsr2l, fsr2h, status,2, status,0, cstack
 Tracked objects:
		On entry : 
		On exit  : 
		Unchanged: 
 Data sizes:     COMRAM   BANK0   BANK1   BANK2   BANK3   BANK4   BANK5   BANK6   BANK7   BANK8   BANK9  BANK10  BANK11  BANK12  BANK13  BANK14  BANK15
      Params:         0       0       0       0       0       0       0       0       0       0       0       0       0       0       0       0       0
[...]
 Defined at:
		line 154 in file "main.c"
 Parameters:    Size  Location     Type
  buf             1    wreg     enum E4968
 Auto vars:     Size  Location     Type
  buf             1    6[COMRAM] enum E4968
  v               1    5[COMRAM] unsigned char 
 Return value:  Size  Location     Type
                  1    wreg      unsigned char 
 Registers used:
		wreg, fsr1l, fsr1h, fsr2l, fsr2h, status,2, status,0, cstack
 Tracked objects:
		On entry : 
		On exit  : 
		Unchanged: 
 Data sizes:     COMRAM   BANK0   BANK1   BANK2   BANK3   BANK4   BANK5   BANK6   BANK7   BANK8   BANK9  BANK10  BANK11  BANK12  BANK13  BANK14  BANK15
      Params:         0       0       0       0       0       0       0       0       0       0       0       0       0       0       0       0       0
      Locals:         0       0       0       0       0       0       0       0       0       0       0       0       0       0       0       0       0
      Temps:          0       0       0       0       0       0       0       0       0       0       0       0       0       0       0       0       0
      Totals:         0       0       0       0       0       0       0       0       0       0       0       0       0       0       0       0       0
Total ram usage:        0 bytes
 Hardware stack levels used:    1
 Hardware stack levels required when called:    6
 This function calls:
		_buf_isempty
 This function is called by:
		_transmit_isr
		_parse
 This function uses a non-reentrant model


 *************** function _buf_isempty *****************
 Defined at:
		line 127 in file "main.c"
 Parameters:    Size  Location     Type
  buf             1    wreg     enum E4968
 Auto vars:     Size  Location     Type
  buf             1    2[COMRAM] enum E4968
 Return value:  Size  Location     Type
                  1    wreg      unsigned char 
 Registers used:
		wreg, fsr1l, fsr1h, fsr2l, fsr2h, status,2, status,0
 Tracked objects:
		On entry : 
		On exit  : 
		Unchanged: 
 Data sizes:     COMRAM   BANK0   BANK1   BANK2   BANK3   BANK4   BANK5   BANK6   BANK7   BANK8   BANK9  BANK10  BANK11  BANK12  BANK13  BANK14  BANK15
      Params:         0       0       0       0       0       0       0       0       0       0       0       0       0       0       0       0       0
      Locals:         0       0       0       0       0       0       0       0       0       0       0       0       0       0       0       0       0
      Temps:          0       0       0       0       0       0       0       0       0       0       0       0       0       0       0       0       0
      Totals:         0       0       0       0       0       0       0       0       0       0       0       0       0       0       0       0       0
Total ram usage:        0 bytes
 Hardware stack levels used:    1
 Hardware stack levels required when called:    5
 This function calls:
		Nothing
 This function is called by:
		_buf_pop
		_transmit_isr
		_parse
 This function uses a non-reentrant model


 *************** function _timer_isr *****************
 Defined at:
		line 188 in file "main.c"
 Parameters:    Size  Location     Type
		None
 Auto vars:     Size  Location     Type
		None
 Return value:  Size  Location     Type
                  1    wreg      void 
 Registers used:
		wreg, fsr2l, fsr2h, status,2, status,0, cstack
 Tracked objects:
		On entry : 
		On exit  : 
		Unchanged: 
 Data sizes:     COMRAM   BANK0   BANK1   BANK2   BANK3   BANK4   BANK5   BANK6   BANK7   BANK8   BANK9  BANK10  BANK11  BANK12  BANK13  BANK14  BANK15
      Params:         0       0       0       0       0       0       0       0       0       0       0       0       0       0       0       0       0
      Locals:         0       0       0       0       0       0       0       0       0       0       0       0       0       0       0       0       0
      Temps:          0       0       0       0       0       0       0       0       0       0       0       0       0       0       0       0       0
      Totals:         0       0       0       0       0       0       0       0       0       0       0       0       0       0       0       0       0
Total ram usage:        0 bytes
 Hardware stack levels used:    1
 Hardware stack levels required when called:    2
 This function calls:
		_send_altitude
		i2_send_distance
 This function is called by:
		_highPriorityISR
 This function uses a non-reentrant model


 *************** function i2_send_distance *****************
 Defined at:
		line 393 in file "main.c"
 Parameters:    Size  Location     Type
  distance        2    4[COMRAM] unsigned short 
 Auto vars:     Size  Location     Type
  hex             1   10[COMRAM] unsigned char 
  nibble3         1    9[COMRAM] unsigned char 
  nibble2         1    8[COMRAM] unsigned char 
  nibble1         1    7[COMRAM] unsigned char 
  nibble0         1    6[COMRAM] unsigned char 
 Return value:  Size  Location     Type
                  1    wreg      void 
 Registers used:
		wreg, fsr2l, fsr2h, status,2, status,0, cstack
 Tracked objects:
		On entry : 
		On exit  : 
		Unchanged: 
 Data sizes:     COMRAM   BANK0   BANK1   BANK2   BANK3   BANK4   BANK5   BANK6   BANK7   BANK8   BANK9  BANK10  BANK11  BANK12  BANK13  BANK14  BANK15
      Params:         2       0       0       0       0       0       0       0       0       0       0       0       0       0       0       0       0
      Locals:         5       0       0       0       0       0       0       0       0       0       0       0       0       0       0       0       0
      Temps:          0       0       0       0       0       0       0       0       0       0       0       0       0       0       0       0       0
      Totals:         7       0       0       0       0       0       0       0       0       0       0       0       0       0       0       0       0
Total ram usage:        7 bytes
 Hardware stack levels used:    1
 Hardware stack levels required when called:    1
 This function calls:
		_buf_push
		i2_disable_interrupts
		i2_enable_interrupts
		i2_send
		i2_to_hex
 This function is called by:
		_timer_isr
 This function uses a non-reentrant model


 *************** function _send_altitude *****************
 Defined at:
		line 436 in file "main.c"
 Parameters:    Size  Location     Type
  adc_value       2    4[COMRAM] unsigned short 
 Auto vars:     Size  Location     Type
  alt             2   10[COMRAM] unsigned short 
  hex             1   12[COMRAM] unsigned char 
  nibble3         1    9[COMRAM] unsigned char 
  nibble2         1    8[COMRAM] unsigned char 
  nibble1         1    7[COMRAM] unsigned char 
  nibble0         1    6[COMRAM] unsigned char 
 Return value:  Size  Location     Type
                  1    wreg      void 
 Registers used:
		wreg, fsr2l, fsr2h, status,2, status,0, cstack
 Tracked objects:
		On entry : 
		On exit  : 
		Unchanged: 
 Data sizes:     COMRAM   BANK0   BANK1   BANK2   BANK3   BANK4   BANK5   BANK6   BANK7   BANK8   BANK9  BANK10  BANK11  BANK12  BANK13  BANK14  BANK15
      Params:         2       0       0       0       0       0       0       0       0       0       0       0       0       0       0       0       0
      Locals:         7       0       0       0       0       0       0       0       0       0       0       0       0       0       0       0       0
      Temps:          0       0       0       0       0       0       0       0       0       0       0       0       0       0       0       0       0
      Totals:         9       0       0       0       0       0       0       0       0       0       0       0       0       0       0       0       0
Total ram usage:        9 bytes
 Hardware stack levels used:    1
 Hardware stack levels required when called:    1
 This function calls:
		_adc_to_alt
		_buf_push
		i2_disable_interrupts
		i2_enable_interrupts
		i2_send
		i2_to_hex
 This function is called by:
		_timer_isr
 This function uses a non-reentrant model


 *************** function i2_to_hex *****************
 Defined at:
		line 361 in file "main.c"
 Parameters:    Size  Location     Type
  nibble          1    wreg     unsigned char 
 Auto vars:     Size  Location     Type
  nibble          1    0[COMRAM] unsigned char 
 Return value:  Size  Location     Type
                  1    wreg      unsigned char 
 Registers used:
		wreg, status,2, status,0
 Tracked objects:
		On entry : 
		On exit  : 
		Unchanged: 
 Data sizes:     COMRAM   BANK0   BANK1   BANK2   BANK3   BANK4   BANK5   BANK6   BANK7   BANK8   BANK9  BANK10  BANK11  BANK12  BANK13  BANK14  BANK15
      Params:         0       0       0       0       0       0       0       0       0       0       0       0       0       0       0       0       0
      Locals:         1       0       0       0       0       0       0       0       0       0       0       0       0       0       0       0       0
      Temps:          0       0       0       0       0       0       0       0       0       0       0       0       0       0       0       0       0
      Totals:         1       0       0       0       0       0       0       0       0       0       0       0       0       0       0       0       0
Total ram usage:        1 bytes
 Hardware stack levels used:    1
 This function calls:
		Nothing
 This function is called by:
		_send_altitude
		i2_send_distance
 This function uses a non-reentrant model


 *************** function i2_send *****************
 Defined at:
		line 389 in file "main.c"
 Parameters:    Size  Location     Type
		None
 Auto vars:     Size  Location     Type
		None
 Return value:  Size  Location     Type
                  1    wreg      void 
 Registers used:
		None
 Tracked objects:
		On entry : 
		On exit  : 
		Unchanged: 
 Data sizes:     COMRAM   BANK0   BANK1   BANK2   BANK3   BANK4   BANK5   BANK6   BANK7   BANK8   BANK9  BANK10  BANK11  BANK12  BANK13  BANK14  BANK15
      Params:         0       0       0       0       0       0       0       0       0       0       0       0       0       0       0       0       0
      Locals:         0       0       0       0       0       0       0       0       0       0       0       0       0       0       0       0       0
      Temps:          0       0       0       0       0       0       0       0       0       0       0       0       0       0       0       0       0
      Totals:         0       0       0       0       0       0       0       0       0       0       0       0       0       0       0       0       0
Total ram usage:        0 bytes
 Hardware stack levels used:    1
 This function calls:
		Nothing
 This function is called by:
		_send_altitude
		i2_send_distance
 This function uses a non-reentrant model


 *************** function i2_enable_interrupts *****************
 Defined at:
		line 96 in file "main.c"
 Parameters:    Size  Location     Type
		None
 Auto vars:     Size  Location     Type
		None
 Return value:  Size  Location     Type
                  1    wreg      void 
 Registers used:
		None
 Tracked objects:
		On entry : 
		On exit  : 
		Unchanged: 
 Data sizes:     COMRAM   BANK0   BANK1   BANK2   BANK3   BANK4   BANK5   BANK6   BANK7   BANK8   BANK9  BANK10  BANK11  BANK12  BANK13  BANK14  BANK15
      Params:         0       0       0       0       0       0       0       0       0       0       0       0       0       0       0       0       0
      Locals:         0       0       0       0       0       0       0       0       0       0       0       0       0       0       0       0       0
      Temps:          0       0       0       0       0       0       0       0       0       0       0       0       0       0       0       0       0
      Totals:         0       0       0       0       0       0       0       0       0       0       0       0       0       0       0       0       0
Total ram usage:        0 bytes
 Hardware stack levels used:    1
 This function calls:
		Nothing
 This function is called by:
		_send_altitude
		i2_send_distance
 This function uses a non-reentrant model


 *************** function i2_disable_interrupts *****************
 Defined at:
		line 92 in file "main.c"
 Parameters:    Size  Location     Type
		None
 Auto vars:     Size  Location     Type
		None
 Return value:  Size  Location     Type
                  1    wreg      void 
 Registers used:
		None
 Tracked objects:
		On entry : 
		On exit  : 
		Unchanged: 
 Data sizes:     COMRAM   BANK0   BANK1   BANK2   BANK3   BANK4   BANK5   BANK6   BANK7   BANK8   BANK9  BANK10  BANK11  BANK12  BANK13  BANK14  BANK15
      Params:         0       0       0       0       0       0       0       0       0       0       0       0       0       0       0       0       0
      Locals:         0       0       0       0       0       0       0       0       0       0       0       0       0       0       0       0       0
      Temps:          0       0       0       0       0       0       0       0       0       0       0       0       0       0       0       0       0
      Totals:         0       0       0       0       0       0       0       0       0       0       0       0       0       0       0       0       0
Total ram usage:        0 bytes
 Hardware stack levels used:    1
 This function calls:
		Nothing
 This function is called by:
		_send_altitude
		i2_send_distance
 This function uses a non-reentrant model


 *************** function _adc_to_alt *****************
 Defined at:
		line 424 in file "main.c"
 Parameters:    Size  Location     Type
  value           2    0[COMRAM] unsigned short 
 Auto vars:     Size  Location     Type
		None
 Return value:  Size  Location     Type
                  2    0[COMRAM] unsigned short 
 Registers used:
		wreg, status,2, status,0
 Tracked objects:
		On entry : 
		On exit  : 
		Unchanged: 
 Data sizes:     COMRAM   BANK0   BANK1   BANK2   BANK3   BANK4   BANK5   BANK6   BANK7   BANK8   BANK9  BANK10  BANK11  BANK12  BANK13  BANK14  BANK15
      Params:         2       0       0       0       0       0       0       0       0       0       0       0       0       0       0       0       0
      Locals:         0       0       0       0       0       0       0       0       0       0       0       0       0       0       0       0       0
      Temps:          0       0       0       0       0       0       0       0       0       0       0       0       0       0       0       0       0
      Totals:         2       0       0       0       0       0       0       0       0       0       0       0       0       0       0       0       0
Total ram usage:        2 bytes
 Hardware stack levels used:    1
 This function calls:
		Nothing
 This function is called by:
		_send_altitude
 This function uses a non-reentrant model


 *************** function _receive_isr *****************
 Defined at:
		line 168 in file "main.c"
 Parameters:    Size  Location     Type
		None
 Auto vars:     Size  Location     Type
		None
 Return value:  Size  Location     Type
                  1    wreg      void 
 Registers used:
		wreg, fsr2l, fsr2h, status,2, status,0, cstack
 Tracked objects:
		On entry : 
		On exit  : 
		Unchanged: 
 Data sizes:     COMRAM   BANK0   BANK1   BANK2   BANK3   BANK4   BANK5   BANK6   BANK7   BANK8   BANK9  BANK10  BANK11  BANK12  BANK13  BANK14  BANK15
      Params:         0       0       0       0       0       0       0       0       0       0       0       0       0       0       0       0       0
      Locals:         0       0       0       0       0       0       0       0       0       0       0       0       0       0       0       0       0
      Temps:          0       0       0       0       0       0       0       0       0       0       0       0       0       0       0       0       0
      Totals:         0       0       0       0       0       0       0       0       0       0       0       0       0       0       0       0       0
Total ram usage:        0 bytes
 Hardware stack levels used:    1
 Hardware stack levels required when called:    1
 This function calls:
		_buf_push
 This function is called by:
		_highPriorityISR
 This function uses a non-reentrant model


 *************** function _buf_push *****************
 Defined at:
		line 134 in file "main.c"
 Parameters:    Size  Location     Type
  v               1    wreg     unsigned char 
  buf             1    0[COMRAM] enum E4968
 Auto vars:     Size  Location     Type
  v               1    3[COMRAM] unsigned char 
 Return value:  Size  Location     Type
                  1    wreg      void 
 Registers used:
		wreg, fsr2l, fsr2h, status,2, status,0
 Tracked objects:
		On entry : 
		On exit  : 
		Unchanged: 
 Data sizes:     COMRAM   BANK0   BANK1   BANK2   BANK3   BANK4   BANK5   BANK6   BANK7   BANK8   BANK9  BANK10  BANK11  BANK12  BANK13  BANK14  BANK15
      Params:         0       0       0       0       0       0       0       0       0       0       0       0       0       0       0       0       0
      Locals:         0       0       0       0       0       0       0       0       0       0       0       0       0       0       0       0       0
      Temps:          0       0       0       0       0       0       0       0       0       0       0       0       0       0       0       0       0
      Totals:         0       0       0       0       0       0       0       0       0       0       0       0       0       0       0       0       0
Total ram usage:        0 bytes
 Hardware stack levels used:    1
 Hardware stack levels required when called:    5
 This function calls:
		Nothing
 This function is called by:
		_receive_isr
		_send_distance
		_send_altitude
		i2_send_distance
		_send_button_press
 This function uses a non-reentrant model



MODULE INFORMATION

Module		Function		Class		Link	Load	Size
shared
		i2_enable_interrupts		CODE           	0D76	0000	4
		i2_disable_interrupts		CODE           	0D7A	0000	4
		__initialization		CODE           	09F4	0000	96
		i2_send_distance		CODE           	05F6	0000	214
		i2_send        		CODE           	0D72	0000	4
		i2_to_hex      		CODE           	0C70	0000	32

shared estimated size: 354

/opt/microchip/xc8/v2.30/pic/sources/c99/common/lwdiv.c
		___lwdiv       		CODE           	0912	0000	116

/opt/microchip/xc8/v2.30/pic/sources/c99/common/lwdiv.c estimated size: 116

main.c
		_disable_interrupts		CODE           	0D6A	0000	4
		_adc_task      		CODE           	0C2C	0000	36
		_adc_to_alt    		CODE           	0A5E	0000	98
		_get_altitude  		CODE           	0CC4	0000	26
		_enable_interrupts		CODE           	0D6E	0000	4
		_main          		CODE           	0C00	0000	44
		_init_ports    		CODE           	0B5A	0000	62
		_get_speed     		CODE           	0D44	0000	10
		_get_manual    		CODE           	0C90	0000	26
		_buf_isempty   		CODE           	0BCE	0000	50
		_to_hex        		CODE           	0C50	0000	32
		_disable_timer0		CODE           	0D5C	0000	6
		_get_go        		CODE           	0CAA	0000	26
		_to_nibble     		CODE           	0816	0000	126
		_init_serial   		CODE           	0CF4	0000	20
		_timer_isr     		CODE           	0894	0000	126
		_highPriorityISR		CODE           	0008	0000	98
		_get_end       		CODE           	0D1C	0000	14
		_parse         		CODE           	002A	0000	1036
		_init_timer    		CODE           	0D2A	0000	14
		_init_adc      		CODE           	0CDE	0000	22
		_receive_isr   		CODE           	0D08	0000	20
		_start_system  		CODE           	0D4E	0000	8
		_get_led       		CODE           	0986	0000	110
		_buf_pop       		CODE           	06CC	0000	180
		_init_vars     		CODE           	0B1C	0000	62
		_init_interrupts		CODE           	0D38	0000	12
		_send          		CODE           	0D66	0000	4
		_buf_push      		CODE           	0780	0000	150
		_enable_timer0 		CODE           	0D56	0000	6
		_send_distance 		CODE           	0520	0000	214
		_lowPriorityISR		CODE           	0018	0000	14
		_send_altitude 		CODE           	0436	0000	234
		_transmit_isr  		CODE           	0B98	0000	54

main.c estimated size: 2948

