Microchip MPLAB XC8 Compiler V2.45

Linker command line:

-W-3 --edf=/opt/microchip/xc8/v2.45/pic/dat/20230818022343_en.msgs -cn \
  -h+dist/UploadWithPickit3/production/the3.production.sym \
  --cmf=dist/UploadWithPickit3/production/the3.production.cmf -z -Q18F8722 \
  -o/tmp/xcXJlDcHb/driver_tmp_3.o --defsym=__MPLAB_BUILD=1 \
  --fixupoverflow=error \
  -Mdist/UploadWithPickit3/production/the3.production.map \
  --md=/tmp/xcXJlDcHb/driver_tmp_0.dat -E1 -ver=XC8 Compiler --acfsm=1493 \
  -ACODE=00h-01FFFFh -ACONST=00h-01FFFFh -ASMALLCONST=01000h-010FFhx496 \
  -AMEDIUMCONST=01000h-0FFFFh,011000h-01FFFFh -ACOMRAM=01h-05Fh \
  -AABS1=00h-0F5Fh -ABIGRAM=01h-0F5Fh \
  -ARAM=060h-0FFh,0100h-01FFhx14,0F00h-0F5Fh -ABANK0=060h-0FFh \
  -ABANK1=0100h-01FFh -ABANK2=0200h-02FFh -ABANK3=0300h-03FFh \
  -ABANK4=0400h-04FFh -ABANK5=0500h-05FFh -ABANK6=0600h-06FFh \
  -ABANK7=0700h-07FFh -ABANK8=0800h-08FFh -ABANK9=0900h-09FFh \
  -ABANK10=0A00h-0AFFh -ABANK11=0B00h-0BFFh -ABANK12=0C00h-0CFFh \
  -ABANK13=0D00h-0DFFh -ABANK14=0E00h-0EFFh -ABANK15=0F00h-0F5Fh \
  -ASFR=0F60h-0FFFh -ABIGSFR=0F60h-0FFFh -ACONFIG=0300000h-030000Dh \
  -AIDLOC=0200000h-0200007h -AEEDATA=0F00000h-0F003FFh -peeprom_data=EEDATA \
  -preset_vec=00h,intcode=08h,intcodelo=018h,powerup,init -pramtop=01000h \
  -psmallconst=SMALLCONST -pmediumconst=MEDIUMCONST -pconst=CONST \
  -AFARRAM=00h-00h \
  -prdata=COMRAM,nvrram=COMRAM,nvbit=COMRAM,rbss=COMRAM,rbit=COMRAM \
  -pfarbss=FARRAM,fardata=FARRAM,nvFARRAM=FARRAM \
  -pintsave_regs=BIGRAM,bigbss=BIGRAM,bigdata=BIGRAM -pbss=RAM \
  -pidata=CODE,irdata=CODE,ibigdata=CODE,ifardata=CODE -prparam=COMRAM \
  /tmp/xcXJlDcHb/driver_tmp_9.o \
  dist/UploadWithPickit3/production/the3.production.o 

Object code version is 3.11

Machine type is 18F8722



                Name                               Link     Load   Length Selector   Space Scale
/tmp/xcXJlDcHb/driver_tmp_9.o
                idloc                            200000   200000        8        0       5
                config                           300000   300000        E        0       4
                init                                 26       26        4        C       0
                reset_vec                             0        0        4        0       0
dist/UploadWithPickit3/production/the3.production.o
                intcodelo                            18       18        E        C       0
                intcode                               8        8        6        4       0
                idloc                            200000   200000        8        0       5
                config                           300000   300000        E        0       4
                temp                                 45       45        1        1       1
                smallconst                         1000     1000        2      800       0
                text39                             1972     1972       22      801       0
                text38                             14BA     14BA       AA      801       0
                text37                             173C     173C       62      801       0
                text36                             1A2E     1A2E       14      801       0
                text35                             18B0     18B0       3E      801       0
                text34                             1AB2     1AB2        4      801       0
                text33                             1A1A     1A1A       14      801       0
                text32                             1AAE     1AAE        4      801       0
                text31                             1AAA     1AAA        4      801       0
                text30                             1250     1250       EA      801       0
                text29                             15E2     15E2       78      801       0
                text28                             133A     133A       D6      801       0
                text27                             1410     1410       AA      801       0
                text26                             1950     1950       22      801       0
                text25                             165A     165A       74      801       0
                text24                             1994     1994       20      801       0
                intcode_body                       17F0     17F0       44      801       0
                text21                             1A88     1A88        A      801       0
                text20                             19F0     19F0       16      801       0
                text19                             1AA6     1AA6        4      801       0
                text18                             1A52     1A52       10      801       0
                text17                             1872     1872       3E      801       0
                text16                             1A06     1A06       14      801       0
                text15                             1A70     1A70        E      801       0
                text14                             1564     1564       7E      801       0
                text13                             1AA2     1AA2        4      801       0
                text12                             179E     179E       52      801       0
                text11                             19D2     19D2       1E      801       0
                text10                             1A98     1A98        6      801       0
                text9                              1A42     1A42       10      801       0
                text8                              1A92     1A92        6      801       0
                text7                              1A62     1A62        E      801       0
                text6                              16CE     16CE       6E      801       0
                text5                              19B4     19B4       1E      801       0
                text4                              1A7E     1A7E        A      801       0
                text3                              18EE     18EE       3C      801       0
                text2                              1002     1002      24E      801       0
                text1                              1A9E     1A9E        4      801       0
                text0                              192A     192A       26      801       0
                cstackCOMRAM                         24       24       21        1       1
                bssBANK2                            200      200       FF      200       1
                bssBANK1                            100      100       FF      100       1
                bssCOMRAM                             1        1       23        1       1
                cinit                              1834     1834       3E      801       0

TOTAL           Name                               Link     Load   Length     Space
        CLASS   CODE           
                intcodelo                            18       18        E         0
                intcode                               8        8        6         0
                init                                 26       26        4         0
                reset_vec                             0        0        4         0
                text39                             1972     1972       22         0
                text38                             14BA     14BA       AA         0
                text37                             173C     173C       62         0
                text36                             1A2E     1A2E       14         0
                text35                             18B0     18B0       3E         0
                text34                             1AB2     1AB2        4         0
                text33                             1A1A     1A1A       14         0
                text32                             1AAE     1AAE        4         0
                text31                             1AAA     1AAA        4         0
                text30                             1250     1250       EA         0
                text29                             15E2     15E2       78         0
                text28                             133A     133A       D6         0
                text27                             1410     1410       AA         0
                text26                             1950     1950       22         0
                text25                             165A     165A       74         0
                text24                             1994     1994       20         0
                intcode_body                       17F0     17F0       44         0
                text21                             1A88     1A88        A         0
                text20                             19F0     19F0       16         0
                text19                             1AA6     1AA6        4         0
                text18                             1A52     1A52       10         0
                text17                             1872     1872       3E         0
                text16                             1A06     1A06       14         0
                text15                             1A70     1A70        E         0
                text14                             1564     1564       7E         0
                text13                             1AA2     1AA2        4         0
                text12                             179E     179E       52         0
                text11                             19D2     19D2       1E         0
                text10                             1A98     1A98        6         0
                text9                              1A42     1A42       10         0
                text8                              1A92     1A92        6         0
                text7                              1A62     1A62        E         0
                text6                              16CE     16CE       6E         0
                text5                              19B4     19B4       1E         0
                text4                              1A7E     1A7E        A         0
                text3                              18EE     18EE       3C         0
                text2                              1002     1002      24E         0
                text1                              1A9E     1A9E        4         0
                text0                              192A     192A       26         0
                cinit                              1834     1834       3E         0

        CLASS   CONST          

        CLASS   SMALLCONST     
                smallconst                         1000     1000        2         0

        CLASS   MEDIUMCONST    

        CLASS   COMRAM         
                temp                                 45       45        1         1
                cstackCOMRAM                         24       24       21         1
                bssCOMRAM                             1        1       23         1

        CLASS   ABS1           

        CLASS   BIGRAM         

        CLASS   RAM            

        CLASS   BANK0          

        CLASS   BANK1          
                bssBANK1                            100      100       FF         1

        CLASS   BANK2          
                bssBANK2                            200      200       FF         1

        CLASS   BANK3          

        CLASS   BANK4          

        CLASS   BANK5          

        CLASS   BANK6          

        CLASS   BANK7          

        CLASS   BANK8          

        CLASS   BANK9          

        CLASS   BANK10         

        CLASS   BANK11         

        CLASS   BANK12         

        CLASS   BANK13         

        CLASS   BANK14         

        CLASS   BANK15         

        CLASS   SFR            

        CLASS   BIGSFR         

        CLASS   CONFIG         
                config                           300000   300000        E         4

        CLASS   IDLOC          
                idloc                            200000   200000        8         5

        CLASS   EEDATA         

        CLASS   FARRAM         

        CLASS   HEAP           

        CLASS   STACK          



SEGMENTS        Name                           Load    Length   Top    Selector   Space  Class

                reset_vec                      000000  000004  000004         0       0  CODE    
                text2                          001002  000AB4  001AB6       801       0  CODE    
                bssBANK2                       000200  0000FF  0002FF       200       1  BANK2   
                bssBANK1                       000100  0000FF  0001FF       100       1  BANK1   
                intcode                        000008  000006  00000E         4       0  CODE    
                bssCOMRAM                      000001  000045  000046         1       1  COMRAM  
                intcodelo                      000018  000012  00002A         C       0  CODE    
                smallconst                     001000  000002  001002       800       0  SMALLCON


UNUSED ADDRESS RANGES

        Name                Unused          Largest block    Delta
        BANK0            000060-0000FF               A0
        BANK1            0001FF-0001FF                1
        BANK10           000A00-000AFF              100
        BANK11           000B00-000BFF              100
        BANK12           000C00-000CFF              100
        BANK13           000D00-000DFF              100
        BANK14           000E00-000EFF              100
        BANK15           000F00-000F5F               60
        BANK2            0002FF-0002FF                1
        BANK3            000300-0003FF              100
        BANK4            000400-0004FF              100
        BANK5            000500-0005FF              100
        BANK6            000600-0006FF              100
        BANK7            000700-0007FF              100
        BANK8            000800-0008FF              100
        BANK9            000900-0009FF              100
        BIGRAM           000046-0000FF               BA
                         0001FF-0001FF                1
                         0002FF-000F5F              C61
        BIGSFR           000F60-000FFF               A0
        CODE             000004-000007                4
                         00000E-000017                A
                         00002A-000FFF              FD6
                         001AB6-01FFFF            1E54A
        COMRAM           000046-00005F               1A
        CONST            000004-000007                4
                         00000E-000017                A
                         00002A-000FFF              FD6
                         001AB6-01FFFF            1E54A
        EEDATA           F00000-F003FF              400
        MEDIUMCONST      001AB6-00FFFF             E54A
                         011000-01FFFF             F000
        RAM              000060-0000FF               A0
                         0001FF-0001FF                1
                         0002FF-000F5F              100
        SFR              000F60-000FFF               A0
        SMALLCONST       001AB6-01FFFF              100

                                  Symbol Table

?___lwdiv                     cstackCOMRAM 000036
?_adc_to_alt                  cstackCOMRAM 000024
_ADCON0                       (abs)        000FC2
_ADCON0bits                   (abs)        000FC2
_ADCON1                       (abs)        000FC1
_ADCON2                       (abs)        000FC0
_ADRESH                       (abs)        000FC4
_ADRESL                       (abs)        000FC3
_BAUDCON1bits                 (abs)        000F7E
_INTCONbits                   (abs)        000FF2
_LATA                         (abs)        000F89
_LATAbits                     (abs)        000F89
_LATB                         (abs)        000F8A
_LATBbits                     (abs)        000F8A
_LATC                         (abs)        000F8B
_LATCbits                     (abs)        000F8B
_LATD                         (abs)        000F8C
_LATDbits                     (abs)        000F8C
_LATH                         (abs)        000F90
_PIE1bits                     (abs)        000F9D
_PIR1bits                     (abs)        000F9E
_PORTA                        (abs)        000F80
_PORTB                        (abs)        000F81
_PORTBbits                    (abs)        000F81
_PORTC                        (abs)        000F82
_PORTD                        (abs)        000F83
_PORTH                        (abs)        000F87
_RCREG1                       (abs)        000FAE
_RCSTA1bits                   (abs)        000FAB
_RCSTAbits                    (abs)        000FAB
_SPBRG1                       (abs)        000FAF
_T0CON                        (abs)        000FD5
_T0CONbits                    (abs)        000FD5
_TMR0H                        (abs)        000FD7
_TMR0L                        (abs)        000FD6
_TRISA                        (abs)        000F92
_TRISB                        (abs)        000F93
_TRISC                        (abs)        000F94
_TRISD                        (abs)        000F95
_TRISH                        (abs)        000F99
_TXREG1                       (abs)        000FAD
_TXSTA1bits                   (abs)        000FAC
__HRAM                        (abs)        000000
__H__absolute__               __absolute__ 000000
__Habs1                       abs1         000000
__Hbank0                      bank0        000000
__Hbank1                      bank1        000000
__Hbank10                     bank10       000000
__Hbank11                     bank11       000000
__Hbank12                     bank12       000000
__Hbank13                     bank13       000000
__Hbank14                     bank14       000000
__Hbank15                     bank15       000000
__Hbank2                      bank2        000000
__Hbank3                      bank3        000000
__Hbank4                      bank4        000000
__Hbank5                      bank5        000000
__Hbank6                      bank6        000000
__Hbank7                      bank7        000000
__Hbank8                      bank8        000000
__Hbank9                      bank9        000000
__Hbigbss                     bigbss       000000
__Hbigdata                    bigdata      000000
__Hbigram                     bigram       000000
__Hbigsfr                     bigsfr       000000
__Hbss                        bss          000000
__HbssBANK1                   bssBANK1     000000
__HbssBANK2                   bssBANK2     000000
__HbssCOMRAM                  bssCOMRAM    000000
__Hcinit                      cinit        000000
__Hclrtext                    clrtext      000000
__Hcomram                     comram       000000
__Hconfig                     config       30000E
__Hconst                      const        000000
__HcstackCOMRAM               cstackCOMRAM 000000
__Hdata                       data         000000
__Heeprom_data                eeprom_data  000000
__Hfarbss                     farbss       000000
__Hfardata                    fardata      000000
__Hheap                       heap         000000
__Hibigdata                   ibigdata     000000
__Hidata                      idata        000000
__Hidloc                      idloc        200008
__Hifardata                   ifardata     000000
__Hinit                       init         00002A
__Hintcode                    intcode      00000E
__Hintcode_body               intcode_body 000000
__Hintcodelo                  intcodelo    000026
__Hintentry                   intentry     000000
__Hintret                     intret       000000
__Hintsave_regs               intsave_regs 000000
__Hirdata                     irdata       000000
__Hmediumconst                mediumconst  000000
__HnvFARRAM                   nvFARRAM     000000
__Hnvbit                      nvbit        000000
__Hnvrram                     nvrram       000000
__Hparam                      rparam       000000
__Hpowerup                    powerup      000026
__Hram                        ram          000000
__Hramtop                     ramtop       001000
__Hrbit                       rbit         000000
__Hrbss                       rbss         000000
__Hrdata                      rdata        000000
__Hreset_vec                  reset_vec    000004
__Hrparam                     rparam       000000
__Hsfr                        sfr          000000
__Hsmallconst                 smallconst   001002
__Hspace_0                    (abs)        001AB6
__Hspace_1                    (abs)        0002FF
__Hspace_2                    (abs)        000000
__Hspace_4                    (abs)        60000E
__Hstack                      stack        000000
__Hstruct                     struct       000000
__Htemp                       temp         000046
__Htext                       text         000000
__Htext0                      text0        000000
__Htext1                      text1        000000
__Htext10                     text10       000000
__Htext11                     text11       000000
__Htext12                     text12       000000
__Htext13                     text13       000000
__Htext14                     text14       000000
__Htext15                     text15       000000
__Htext16                     text16       000000
__Htext17                     text17       000000
__Htext18                     text18       000000
__Htext19                     text19       000000
__Htext2                      text2        000000
__Htext20                     text20       000000
__Htext21                     text21       000000
__Htext24                     text24       000000
__Htext25                     text25       000000
__Htext26                     text26       000000
__Htext27                     text27       000000
__Htext28                     text28       000000
__Htext29                     text29       000000
__Htext3                      text3        000000
__Htext30                     text30       000000
__Htext31                     text31       000000
__Htext32                     text32       000000
__Htext33                     text33       000000
__Htext34                     text34       000000
__Htext35                     text35       000000
__Htext36                     text36       000000
__Htext37                     text37       000000
__Htext38                     text38       000000
__Htext39                     text39       000000
__Htext4                      text4        000000
__Htext5                      text5        000000
__Htext6                      text6        000000
__Htext7                      text7        000000
__Htext8                      text8        000000
__Htext9                      text9        000000
__LRAM                        (abs)        000001
__L__absolute__               __absolute__ 000000
__Labs1                       abs1         000000
__Lbank0                      bank0        000000
__Lbank1                      bank1        000000
__Lbank10                     bank10       000000
__Lbank11                     bank11       000000
__Lbank12                     bank12       000000
__Lbank13                     bank13       000000
__Lbank14                     bank14       000000
__Lbank15                     bank15       000000
__Lbank2                      bank2        000000
__Lbank3                      bank3        000000
__Lbank4                      bank4        000000
__Lbank5                      bank5        000000
__Lbank6                      bank6        000000
__Lbank7                      bank7        000000
__Lbank8                      bank8        000000
__Lbank9                      bank9        000000
__Lbigbss                     bigbss       000000
__Lbigdata                    bigdata      000000
__Lbigram                     bigram       000000
__Lbigsfr                     bigsfr       000000
__Lbss                        bss          000000
__LbssBANK1                   bssBANK1     000000
__LbssBANK2                   bssBANK2     000000
__LbssCOMRAM                  bssCOMRAM    000000
__Lcinit                      cinit        000000
__Lclrtext                    clrtext      000000
__Lcomram                     comram       000000
__Lconfig                     config       000000
__Lconst                      const        000000
__LcstackCOMRAM               cstackCOMRAM 000000
__Ldata                       data         000000
__Leeprom_data                eeprom_data  000000
__Lfarbss                     farbss       000000
__Lfardata                    fardata      000000
__Lheap                       heap         000000
__Libigdata                   ibigdata     000000
__Lidata                      idata        000000
__Lidloc                      idloc        000000
__Lifardata                   ifardata     000000
__Linit                       init         000026
__Lintcode                    intcode      000008
__Lintcode_body               intcode_body 000000
__Lintcodelo                  intcodelo    000018
__Lintentry                   intentry     000000
__Lintret                     intret       000000
__Lintsave_regs               intsave_regs 000000
__Lirdata                     irdata       000000
__Lmediumconst                mediumconst  000000
__LnvFARRAM                   nvFARRAM     000000
__Lnvbit                      nvbit        000000
__Lnvrram                     nvrram       000000
__Lparam                      rparam       000000
__Lpowerup                    powerup      000026
__Lram                        ram          000000
__Lramtop                     ramtop       001000
__Lrbit                       rbit         000000
__Lrbss                       rbss         000000
__Lrdata                      rdata        000000
__Lreset_vec                  reset_vec    000000
__Lrparam                     rparam       000000
__Lsfr                        sfr          000000
__Lsmallconst                 smallconst   001000
__Lspace_0                    (abs)        000000
__Lspace_1                    (abs)        000000
__Lspace_2                    (abs)        000000
__Lspace_4                    (abs)        000000
__Lstack                      stack        000000
__Lstruct                     struct       000000
__Ltemp                       temp         000045
__Ltext                       text         000000
__Ltext0                      text0        000000
__Ltext1                      text1        000000
__Ltext10                     text10       000000
__Ltext11                     text11       000000
__Ltext12                     text12       000000
__Ltext13                     text13       000000
__Ltext14                     text14       000000
__Ltext15                     text15       000000
__Ltext16                     text16       000000
__Ltext17                     text17       000000
__Ltext18                     text18       000000
__Ltext19                     text19       000000
__Ltext2                      text2        000000
__Ltext20                     text20       000000
__Ltext21                     text21       000000
__Ltext24                     text24       000000
__Ltext25                     text25       000000
__Ltext26                     text26       000000
__Ltext27                     text27       000000
__Ltext28                     text28       000000
__Ltext29                     text29       000000
__Ltext3                      text3        000000
__Ltext30                     text30       000000
__Ltext31                     text31       000000
__Ltext32                     text32       000000
__Ltext33                     text33       000000
__Ltext34                     text34       000000
__Ltext35                     text35       000000
__Ltext36                     text36       000000
__Ltext37                     text37       000000
__Ltext38                     text38       000000
__Ltext39                     text39       000000
__Ltext4                      text4        000000
__Ltext5                      text5        000000
__Ltext6                      text6        000000
__Ltext7                      text7        000000
__Ltext8                      text8        000000
__Ltext9                      text9        000000
__S0                          (abs)        001AB6
__S1                          (abs)        0002FF
__S4                          (abs)        000000
__S5                          (abs)        000000
___extmem_base                (abs)        020000
___heap_hi                    (abs)        000000
___heap_lo                    (abs)        000000
___inthi_sp                   stack        000000
___inthi_stack_hi             stack        000000
___inthi_stack_lo             stack        000000
___intlo_sp                   stack        000000
___intlo_stack_hi             stack        000000
___intlo_stack_lo             stack        000000
___lwdiv                      text12       00179E
___lwdiv@counter              cstackCOMRAM 00003C
___lwdiv@dividend             cstackCOMRAM 000036
___lwdiv@divisor              cstackCOMRAM 000038
___lwdiv@quotient             cstackCOMRAM 00003A
___param_bank                 (abs)        000000
___rparam_used                (abs)        000001
___sp                         stack        000000
___stack_hi                   stack        000000
___stack_lo                   stack        000000
__accesstop                   (abs)        000060
__activetblptr                (abs)        000003
__end_of___lwdiv              text12       0017F0
__end_of__initialization      cinit        001868
__end_of_adc_isr              text39       001994
__end_of_adc_task             text21       001A92
__end_of_adc_to_alt           text35       0018EE
__end_of_buf_isempty          text26       001972
__end_of_buf_pop              text25       0016CE
__end_of_buf_push             text37       00179E
__end_of_disable_interrupts   text13       001AA6
__end_of_disable_timer0       text10       001A9E
__end_of_enable_interrupts    text19       001AAA
__end_of_enable_timer0        text8        001A98
__end_of_get_altitude         text11       0019F0
__end_of_get_end              text9        001A52
__end_of_get_go               text7        001A70
__end_of_get_led              text6        00173C
__end_of_get_manual           text5        0019D2
__end_of_get_speed            text4        001A88
__end_of_highPriorityISR      intcode_body 001834
__end_of_init_adc             text20       001A06
__end_of_init_interrupts      text18       001A62
__end_of_init_ports           text17       0018B0
__end_of_init_serial          text16       001A1A
__end_of_init_timer           text15       001A7E
__end_of_init_vars            text14       0015E2
__end_of_lowPriorityISR       intcodelo    000026
__end_of_main                 text0        001950
__end_of_parse                text2        001250
__end_of_portb_isr            text38       001564
__end_of_receive_isr          text36       001A42
__end_of_send                 text34       001AB6
__end_of_send_altitude        text30       00133A
__end_of_send_button_press    text29       00165A
__end_of_send_distance        text28       001410
__end_of_start_system         text1        001AA2
__end_of_timer_isr            text27       0014BA
__end_of_to_hex               text33       001A2E
__end_of_to_nibble            text3        00192A
__end_of_transmit_isr         text24       0019B4
__end_ofi2_disable_interrupts text32       001AB2
__end_ofi2_enable_interrupts  text31       001AAE
__initialization              cinit        001834
__mediumconst                 mediumconst  000000
__pbssBANK1                   bssBANK1     000100
__pbssBANK2                   bssBANK2     000200
__pbssCOMRAM                  bssCOMRAM    000001
__pcinit                      cinit        001834
__pcstackCOMRAM               cstackCOMRAM 000024
__pintcode                    intcode      000008
__pintcode_body               intcode_body 0017F0
__pintcodelo                  intcodelo    000018
__psmallconst                 smallconst   001000
__ptext0                      text0        00192A
__ptext1                      text1        001A9E
__ptext10                     text10       001A98
__ptext11                     text11       0019D2
__ptext12                     text12       00179E
__ptext13                     text13       001AA2
__ptext14                     text14       001564
__ptext15                     text15       001A70
__ptext16                     text16       001A06
__ptext17                     text17       001872
__ptext18                     text18       001A52
__ptext19                     text19       001AA6
__ptext2                      text2        001002
__ptext20                     text20       0019F0
__ptext21                     text21       001A88
__ptext24                     text24       001994
__ptext25                     text25       00165A
__ptext26                     text26       001950
__ptext27                     text27       001410
__ptext28                     text28       00133A
__ptext29                     text29       0015E2
__ptext3                      text3        0018EE
__ptext30                     text30       001250
__ptext31                     text31       001AAA
__ptext32                     text32       001AAE
__ptext33                     text33       001A1A
__ptext34                     text34       001AB2
__ptext35                     text35       0018B0
__ptext36                     text36       001A2E
__ptext37                     text37       00173C
__ptext38                     text38       0014BA
__ptext39                     text39       001972
__ptext4                      text4        001A7E
__ptext5                      text5        0019B4
__ptext6                      text6        0016CE
__ptext7                      text7        001A62
__ptext8                      text8        001A92
__ptext9                      text9        001A42
__ramtop                      ramtop       001000
__smallconst                  smallconst   001000
_adc                          bssCOMRAM    000018
_adc_isr                      text39       001972
_adc_task                     text21       001A88
_adc_to_alt                   text35       0018B0
_altitude_period              bssCOMRAM    000023
_buf_isempty                  text26       001950
_buf_pop                      text25       00165A
_buf_push                     text37       00173C
_counter                      bssCOMRAM    000022
_digit_count_to_be_parsed     bssCOMRAM    00001D
_disable_interrupts           text13       001AA2
_disable_timer0               text10       001A98
_dist                         bssCOMRAM    00001A
_enable_interrupts            text19       001AA6
_enable_timer0                text8        001A92
_get_altitude                 text11       0019D2
_get_end                      text9        001A42
_get_go                       text7        001A62
_get_led                      text6        0016CE
_get_manual                   text5        0019B4
_get_speed                    text4        001A7E
_head                         bssCOMRAM    000012
_highPriorityISR              intcode      000008
_inbuf                        bssBANK1     000100
_init_adc                     text20       0019F0
_init_interrupts              text18       001A52
_init_ports                   text17       001872
_init_serial                  text16       001A06
_init_timer                   text15       001A70
_init_vars                    text14       001564
_is_manual                    bssCOMRAM    000021
_lowPriorityISR               intcodelo    000018
_main                         text0        00192A
_message_name                 bssCOMRAM    00000D
_message_pos                  bssCOMRAM    00001E
_message_type                 bssCOMRAM    00001F
_outbuf                       bssBANK2     000200
_parse                        text2        001002
_parse$1054                   cstackCOMRAM 000042
_parse_state                  bssCOMRAM    000020
_parsed_digit_count           bssCOMRAM    00001C
_parsed_number                bssCOMRAM    000014
_portb_enable                 bssCOMRAM    000005
_portb_isr                    text38       0014BA
_portb_prev                   bssCOMRAM    000009
_portb_send                   bssCOMRAM    000001
_receive_isr                  text36       001A2E
_send                         text34       001AB2
_send_altitude                text30       001250
_send_button_press            text29       0015E2
_send_distance                text28       00133A
_speed                        bssCOMRAM    000016
_start_system                 text1        001A9E
_tail                         bssCOMRAM    000010
_timer_isr                    text27       001410
_to_hex                       text33       001A1A
_to_nibble                    text3        0018EE
_transmit_isr                 text24       001994
adc_to_alt@value              cstackCOMRAM 000024
btemp                         temp         000045
buf_isempty@buf               cstackCOMRAM 000026
buf_pop@buf                   cstackCOMRAM 00002A
buf_pop@v                     cstackCOMRAM 000029
buf_push@buf                  cstackCOMRAM 000024
buf_push@v                    cstackCOMRAM 000027
end_of_initialization         cinit        001868
get_altitude@period           cstackCOMRAM 00003D
get_go@distance               cstackCOMRAM 000036
get_led@led                   cstackCOMRAM 000038
get_manual@activation         cstackCOMRAM 000036
get_speed@spd                 cstackCOMRAM 000036
i2_disable_interrupts         text32       001AAE
i2_enable_interrupts          text31       001AAA
int$flags                     temp         000045
int_func                      intcode_body 0017F0
intlevel0                     text         000000
intlevel1                     text         000000
intlevel2                     text         000000
intlevel3                     text         000000
isa$std                       (abs)        000001
isa$xinst                     (abs)        000000
parse@is_digit                cstackCOMRAM 000043
parse@is_end                  cstackCOMRAM 000041
parse@value                   cstackCOMRAM 000044
portb_isr@current             cstackCOMRAM 000025
send_altitude@adc_value       cstackCOMRAM 000028
send_altitude@alt             cstackCOMRAM 00002E
send_altitude@hex             cstackCOMRAM 000030
send_altitude@nibble0         cstackCOMRAM 00002A
send_altitude@nibble1         cstackCOMRAM 00002B
send_altitude@nibble2         cstackCOMRAM 00002C
send_altitude@nibble3         cstackCOMRAM 00002D
send_button_press@button      cstackCOMRAM 00002A
send_button_press@hex         cstackCOMRAM 00002B
send_button_press@nibble0     cstackCOMRAM 000028
send_button_press@nibble1     cstackCOMRAM 000029
send_distance@distance        cstackCOMRAM 000028
send_distance@hex             cstackCOMRAM 00002E
send_distance@nibble0         cstackCOMRAM 00002A
send_distance@nibble1         cstackCOMRAM 00002B
send_distance@nibble2         cstackCOMRAM 00002C
send_distance@nibble3         cstackCOMRAM 00002D
stackhi                       (abs)        000000
stacklo                       (abs)        000000
start                         init         000026
start_initialization          cinit        001834
to_hex@nibble                 cstackCOMRAM 000024
to_nibble@character           cstackCOMRAM 000036
ttemp5                        temp         000046
ttemp6                        temp         000049
ttemp7                        temp         00004D
wtemp8                        temp         000046


MODULE INFORMATION

Module		Function		Class		Link	Load	Size
/opt/microchip/xc8/v2.45/pic/sources/c99/common/lwdiv.c
		___lwdiv       		CODE           	179E	0000	82

/opt/microchip/xc8/v2.45/pic/sources/c99/common/lwdiv.c estimated size: 82

shared
		i2_enable_interrupts		CODE           	1AAA	0000	4
		i2_disable_interrupts		CODE           	1AAE	0000	4
		__initialization		CODE           	1834	0000	52

shared estimated size: 60

main.c
		_disable_interrupts		CODE           	1AA2	0000	4
		_adc_task      		CODE           	1A88	0000	10
		_adc_to_alt    		CODE           	18B0	0000	62
		_get_altitude  		CODE           	19D2	0000	30
		_enable_interrupts		CODE           	1AA6	0000	4
		_main          		CODE           	192A	0000	38
		_init_ports    		CODE           	1872	0000	62
		_get_speed     		CODE           	1A7E	0000	10
		_get_manual    		CODE           	19B4	0000	30
		_portb_isr     		CODE           	14BA	0000	170
		_buf_isempty   		CODE           	1950	0000	34
		_to_hex        		CODE           	1A1A	0000	20
		_disable_timer0		CODE           	1A98	0000	6
		_get_go        		CODE           	1A62	0000	14
		_to_nibble     		CODE           	18EE	0000	60
		_init_serial   		CODE           	1A06	0000	20
		_timer_isr     		CODE           	1410	0000	170
		_highPriorityISR		CODE           	0008	0000	74
		_get_end       		CODE           	1A42	0000	16
		_parse         		CODE           	1002	0000	590
		_init_timer    		CODE           	1A70	0000	14
		_init_adc      		CODE           	19F0	0000	22
		_receive_isr   		CODE           	1A2E	0000	20
		_start_system  		CODE           	1A9E	0000	4
		_get_led       		CODE           	16CE	0000	110
		_buf_pop       		CODE           	165A	0000	116
		_init_vars     		CODE           	1564	0000	126
		_adc_isr       		CODE           	1972	0000	34
		_send_button_press		CODE           	15E2	0000	120
		_init_interrupts		CODE           	1A52	0000	16
		_send          		CODE           	1AB2	0000	4
		_buf_push      		CODE           	173C	0000	98
		_enable_timer0 		CODE           	1A92	0000	6
		_send_distance 		CODE           	133A	0000	214
		_lowPriorityISR		CODE           	0018	0000	14
		_send_altitude 		CODE           	1250	0000	234
		_transmit_isr  		CODE           	1994	0000	32

main.c estimated size: 2608

